 mysqlmanager

 Timestamp is 4896fdcd (Mon Aug 04 14:02:05 2008)

 Preferred load address is 00400000

 Start         Length     Name                   Class
 0001:00000000 00099b32H .text                   CODE
 0001:00099b40 00001078H .text$yc                CODE
 0002:00000000 00018b70H .rdata                  DATA
 0002:00018b70 000001b2H .rdata$debug            DATA
 0002:00018d24 00001f55H .rdata$r                DATA
 0002:0001ac80 00000109H .rdata$sxdata           DATA
 0002:0001ad8c 00000104H .rtc$IAA                DATA
 0002:0001ae90 00000104H .rtc$IZZ                DATA
 0002:0001af94 00000104H .rtc$TAA                DATA
 0002:0001b098 00000104H .rtc$TZZ                DATA
 0002:0001b19c 00000000H .edata                  DATA
 0003:00000000 00000104H .CRT$XCA                DATA
 0003:00000104 00000104H .CRT$XCAA               DATA
 0003:00000208 00000109H .CRT$XCU                DATA
 0003:00000314 00000104H .CRT$XCZ                DATA
 0003:00000418 00000104H .CRT$XIA                DATA
 0003:0000051c 00000113H .CRT$XIC                DATA
 0003:00000630 00000104H .CRT$XIZ                DATA
 0003:00000734 00000004H .CRT$XLA                DATA
 0003:00000738 00000004H .CRT$XLZ                DATA
 0003:0000073c 00000104H .CRT$XPA                DATA
 0003:00000840 00000109H .CRT$XPX                DATA
 0003:0000094c 00000104H .CRT$XPZ                DATA
 0003:00000a50 00000104H .CRT$XTA                DATA
 0003:00000b54 00000104H .CRT$XTZ                DATA
 0003:00000c60 0012e260H .data                   DATA
 0003:0012eec0 00003e24H .bss                    DATA
 0004:00000000 00000050H .idata$2                DATA
 0004:00000050 00000014H .idata$3                DATA
 0004:00000064 000003d0H .idata$4                DATA
 0004:00000434 000003d0H .idata$5                DATA
 0004:00000804 00000cb4H .idata$6                DATA
 0005:00000000 00000101H .tls                    DATA
 0005:00000108 00000186H .tls$                   DATA
 0005:0000028e 00000101H .tls$ZZZ                DATA

  Address         Publics by Value              Rva+Base     Lib:Object

 0000:00000000       __except_list              00000000     <absolute>
 0000:00000002       ___safe_se_handler_count   00000002     <absolute>
 0000:0000002c       __tls_array                0000002c     <absolute>
 0001:00000ae0       ?reserve@Buffer@@QAEHII@Z  00401ae0 f   buffer.obj
 0001:00000bb0       ?get_size@Buffer@@QAEHXZ   00401bb0 f   buffer.obj
 0001:00000bc0       ?is_error@Buffer@@QAEHXZ   00401bc0 f   buffer.obj
 0001:00000bd0       ?append@Buffer@@QAEHIPBDI@Z 00401bd0 f   buffer.obj
 0001:00000c20       ??0Command@@QAE@PAVInstance_map@@@Z 00401c20 f   command.obj
 0001:00000c40       ??1Command@@UAE@XZ         00401c40 f   command.obj
 0001:00000c50       ??_GCommand@@UAEPAXI@Z     00401c50 f i command.obj
 0001:00000c50       ??_ECommand@@UAEPAXI@Z     00401c50 f i command.obj
 0001:00000c80       ??0Buffer@@QAE@I@Z         00401c80 f i commands.obj
 0001:00000cc0       ??1Buffer@@QAE@XZ          00401cc0 f i commands.obj
 0001:00000cd0       ??0Iterator@Instance_map@@QAE@PAV1@@Z 00401cd0 f i commands.obj
 0001:00000cf0       ?execute@Show_instances@@UAEHPAUst_net@@K@Z 00401cf0 f   commands.obj
 0001:00000ec0       ?execute@Flush_instances@@UAEHPAUst_net@@K@Z 00401ec0 f   commands.obj
 0001:00000f00       ??0Show_instance_status@@QAE@PAVInstance_map@@PBDI@Z 00401f00 f   commands.obj
 0001:00000f60       ?execute@Show_instance_status@@UAEHPAUst_net@@K@Z 00401f60 f   commands.obj
 0001:000011b0       ??0Show_instance_options@@QAE@PAVInstance_map@@PBDI@Z 004021b0 f   commands.obj
 0001:00001210       ?execute@Show_instance_options@@UAEHPAUst_net@@K@Z 00402210 f   commands.obj
 0001:000015c0       ??0Start_instance@@QAE@PAVInstance_map@@PBDI@Z 004025c0 f   commands.obj
 0001:00001610       ?execute@Start_instance@@UAEHPAUst_net@@K@Z 00402610 f   commands.obj
 0001:00001680       ??0Show_instance_log@@QAE@PAVInstance_map@@PBDIW4Log_type@@11@Z 00402680 f   commands.obj
 0001:00001720       ?execute@Show_instance_log@@UAEHPAUst_net@@K@Z 00402720 f   commands.obj
 0001:00001a40       ??0Show_instance_log_files@@QAE@PAVInstance_map@@PBDI@Z 00402a40 f   commands.obj
 0001:00001aa0       ?execute@Show_instance_log_files@@UAEHPAUst_net@@K@Z 00402aa0 f   commands.obj
 0001:00001dd0       ??0Set_option@@QAE@PAVInstance_map@@PBDI1I1I@Z 00402dd0 f   commands.obj
 0001:00001ea0       ??_GSet_option@@UAEPAXI@Z  00402ea0 f i commands.obj
 0001:00001ea0       ??_ESet_option@@UAEPAXI@Z  00402ea0 f i commands.obj
 0001:00001ed0       ?correct_file@Set_option@@IAEHH@Z 00402ed0 f   commands.obj
 0001:00001f10       ?do_command@Set_option@@UAEHPAUst_net@@@Z 00402f10 f   commands.obj
 0001:00001f70       ?execute@Set_option@@UAEHPAUst_net@@K@Z 00402f70 f   commands.obj
 0001:00001fc0       ?do_command@Unset_option@@UAEHPAUst_net@@@Z 00402fc0 f   commands.obj
 0001:00002000       ??0Stop_instance@@QAE@PAVInstance_map@@PBDI@Z 00403000 f   commands.obj
 0001:00002050       ?execute@Stop_instance@@UAEHPAUst_net@@K@Z 00403050 f   commands.obj
 0001:000020c0       ?execute@Syntax_error@@UAEHPAUst_net@@K@Z 004030c0 f   commands.obj
 0001:000020d0       ??_GShow_instance_status@@UAEPAXI@Z 004030d0 f i commands.obj
 0001:000020d0       ??_EShow_instance_status@@UAEPAXI@Z 004030d0 f i commands.obj
 0001:00002100       ??_GShow_instance_options@@UAEPAXI@Z 00403100 f i commands.obj
 0001:00002100       ??_EShow_instance_options@@UAEPAXI@Z 00403100 f i commands.obj
 0001:00002130       ??_GStart_instance@@UAEPAXI@Z 00403130 f i commands.obj
 0001:00002130       ??_EStart_instance@@UAEPAXI@Z 00403130 f i commands.obj
 0001:00002160       ??_GShow_instance_log@@UAEPAXI@Z 00403160 f i commands.obj
 0001:00002160       ??_EShow_instance_log@@UAEPAXI@Z 00403160 f i commands.obj
 0001:00002190       ??_GShow_instance_log_files@@UAEPAXI@Z 00403190 f i commands.obj
 0001:00002190       ??_EShow_instance_log_files@@UAEPAXI@Z 00403190 f i commands.obj
 0001:000021c0       ??_EStop_instance@@UAEPAXI@Z 004031c0 f i commands.obj
 0001:000021c0       ??_GStop_instance@@UAEPAXI@Z 004031c0 f i commands.obj
 0001:000021f0       ??0Guardian_thread_args@@QAE@AAVThread_registry@@PAVInstance_map@@I@Z 004031f0 f i guardian.obj
 0001:00002210       ??0Guardian_thread@@QAE@AAVThread_registry@@PAVInstance_map@@I@Z 00403210 f   guardian.obj
 0001:000022a0       ??1Guardian_thread@@QAE@XZ 004032a0 f   guardian.obj
 0001:000022f0       ?process_instance@Guardian_thread@@AAEXPAVInstance@@PAUGUARD_NODE@1@PAPAUst_list@@PAU4@@Z 004032f0 f   guardian.obj
 0001:00002560       ?run@Guardian_thread@@QAEXXZ 00403560 f   guardian.obj
 0001:000026a0       ?is_stopped@Guardian_thread@@QAEHXZ 004036a0 f   guardian.obj
 0001:000026d0       ?guard@Guardian_thread@@QAEHPAVInstance@@_N@Z 004036d0 f   guardian.obj
 0001:00002790       ?stop_guard@Guardian_thread@@QAEHPAVInstance@@@Z 00403790 f   guardian.obj
 0001:00002800       ?stop_instances@Guardian_thread@@AAEHXZ 00403800 f   guardian.obj
 0001:00002880       ?lock@Guardian_thread@@QAEXXZ 00403880 f   guardian.obj
 0001:00002890       ?unlock@Guardian_thread@@QAEXXZ 00403890 f   guardian.obj
 0001:000028a0       _guardian                  004038a0 f   guardian.obj
 0001:000028b0       ?request_shutdown@Guardian_thread@@QAEXXZ 004038b0 f   guardian.obj
 0001:000028e0       ?init@Guardian_thread@@QAEHXZ 004038e0 f   guardian.obj
 0001:000029e0       ??0Instance_options@@QAE@XZ 004039e0 f i instance.obj
 0001:00002c40       ?get_map@Instance@@QAEPAVInstance_map@@XZ 00403c40 f   instance.obj
 0001:00002c50       ?remove_pid@Instance@@AAEXXZ 00403c50 f   instance.obj
 0001:00002c90       ?set_crash_flag_n_wake_all@Instance@@QAEXXZ 00403c90 f   instance.obj
 0001:00002cf0       ??0Instance@@QAE@XZ        00403cf0 f   instance.obj
 0001:00002d90       ??1Instance@@QAE@XZ        00403d90 f   instance.obj
 0001:00002dc0       ?is_crashed@Instance@@QAEHXZ 00403dc0 f   instance.obj
 0001:00002df0       ?is_running@Instance@@QAE_NXZ 00403df0 f   instance.obj
 0001:00002f30       ?SafeTerminateProcess@@YAHPAXI@Z 00403f30 f   instance.obj
 0001:00003070       ?kill@@YAHHH@Z             00404070 f   instance.obj
 0001:000030b0       ?kill_instance@Instance@@QAEXH@Z 004040b0 f   instance.obj
 0001:00003130       ?init@Instance@@QAEHPBD@Z  00404130 f   instance.obj
 0001:00003140       ?complete_initialization@Instance@@QAEHPAVInstance_map@@PBDI@Z 00404140 f   instance.obj
 0001:00003280       ?stop@Instance@@QAEHXZ     00404280 f   instance.obj
 0001:000033e0       _proxy                     004043e0 f   instance.obj
 0001:00003400       ?start@Instance@@QAEHXZ    00404400 f   instance.obj
 0001:00003520       ??_GInstance@@QAEPAXI@Z    00404520 f i instance_map.obj
 0001:00003550       ?process_one_option@Instance_map@@QAEHPBD0@Z 00404550 f   instance_map.obj
 0001:00003660       ??0Instance_map@@QAE@PBD@Z 00404660 f   instance_map.obj
 0001:00003680       ??1Instance_map@@QAE@XZ    00404680 f   instance_map.obj
 0001:000036c0       ?lock@Instance_map@@QAEXXZ 004046c0 f   instance_map.obj
 0001:000036d0       ?unlock@Instance_map@@QAEXXZ 004046d0 f   instance_map.obj
 0001:000036e0       ?find@Instance_map@@QAEPAVInstance@@PBDI@Z 004046e0 f   instance_map.obj
 0001:00003730       ?complete_initialization@Instance_map@@AAEHXZ 00404730 f   instance_map.obj
 0001:00003810       ?go_to_first@Iterator@Instance_map@@QAEXXZ 00404810 f   instance_map.obj
 0001:00003820       ?next@Iterator@Instance_map@@QAEPAVInstance@@XZ 00404820 f   instance_map.obj
 0001:000038a0       ?init@Instance_map@@QAEHXZ 004048a0 f   instance_map.obj
 0001:000038e0       ?load@Instance_map@@AAEHXZ 004048e0 f   instance_map.obj
 0001:000039f0       ?flush_instances@Instance_map@@QAEHXZ 004049f0 f   instance_map.obj
 0001:00003b00       ?get_default_option@Instance_options@@AAEHPADIPBD@Z 00404b00 f   instance_options.obj
 0001:00003bf0       ?fill_instance_version@Instance_options@@AAEHXZ 00404bf0 f   instance_options.obj
 0001:00003d60       ?fill_mysqld_real_path@Instance_options@@AAEHXZ 00404d60 f   instance_options.obj
 0001:00003f00       ?fill_log_options@Instance_options@@AAEHXZ 00404f00 f   instance_options.obj
 0001:000042a0       ?get_pid_filename@Instance_options@@QAEHPAD@Z 004052a0 f   instance_options.obj
 0001:00004380       ?unlink_pidfile@Instance_options@@QAEHXZ 00405380 f   instance_options.obj
 0001:00004390       ?get_pid@Instance_options@@QAEHXZ 00405390 f   instance_options.obj
 0001:00004400       ?add_option@Instance_options@@QAEHPBD@Z 00405400 f   instance_options.obj
 0001:00004680       ?add_to_argv@Instance_options@@AAEHPBD@Z 00405680 f   instance_options.obj
 0001:000046b0       ?print_argv@Instance_options@@QAEXXZ 004056b0 f   instance_options.obj
 0001:00004720       ?init@Instance_options@@QAEHPBD@Z 00405720 f   instance_options.obj
 0001:000047c0       ??1Instance_options@@QAE@XZ 004057c0 f   instance_options.obj
 0001:000047f0       ?complete_initialization@Instance_options@@QAEHPBDI@Z 004057f0 f   instance_options.obj
 0001:00004b40       ??0Listener_thread_args@@QAE@AAVThread_registry@@ABUOptions@@ABVUser_map@@AAVInstance_map@@@Z 00405b40 f i listener.obj
 0001:00004b70       ?is_shutdown@Thread_registry@@QAE_NXZ 00405b70 f i listener.obj
 0001:00004bd0       ??0Listener_thread@@QAE@ABUListener_thread_args@@@Z 00405bd0 f   listener.obj
 0001:00004c20       ??1Listener_thread@@QAE@XZ 00405c20 f   listener.obj
 0001:00004c30       ?create_tcp_socket@Listener_thread@@AAEHXZ 00405c30 f   listener.obj
 0001:00004e00       ?handle_new_mysql_connection@Listener_thread@@AAEXPAUst_vio@@@Z 00405e00 f   listener.obj
 0001:00004ed0       ?run@Listener_thread@@QAEXXZ 00405ed0 f   listener.obj
 0001:00005180       _listener                  00406180 f   listener.obj
 0001:000053a0       ?log_error@@YAXPBDZZ       004063a0 f   log.obj
 0001:000053c0       ?log_info@@YAXPBDZZ        004063c0 f   log.obj
 0001:000053e0       ?print_info@@YAXPBDZZ      004063e0 f   log.obj
 0001:00005400       ?print_error@@YAXPBDZZ     00406400 f   log.obj
 0001:00005420       ?log_init@@YAXXZ           00406420 f   log.obj
 0001:00005440       ?die@@YAXPBDZZ             00406440 f   log.obj
 0001:000054a0       ??0User_map@@QAE@XZ        004064a0 f i manager.obj
 0001:000054b0       ?create_pid_file@@YAHPBDH@Z 004064b0 f   manager.obj
 0001:00005540       ?onsignal@@YAXH@Z          00406540 f   manager.obj
 0001:00005550       ?set_signals@@YAXPAH@Z     00406550 f   manager.obj
 0001:00005580       ?my_sigwait@@YAHPBHPAH@Z   00406580 f   manager.obj
 0001:000055b0       ?stop_all@@YAXPAVGuardian_thread@@PAVThread_registry@@@Z 004065b0 f   manager.obj
 0001:000055f0       ?manager@@YAHABUOptions@@@Z 004065f0 f   manager.obj
 0001:00005a90       ?message@@YAPBDI@Z         00406a90 f   messages.obj
 0001:00005aa0       ?errno_to_sqlstate@@YAPBDI@Z 00406aa0 f   messages.obj
 0001:00005ab0       ??0Mysql_connection_thread_args@@QAE@PAUst_vio@@AAVThread_registry@@ABVUser_map@@KAAVInstance_map@@@Z 00406ab0 f   mysql_connection.obj
 0001:00005ae0       ??0Mysql_connection_thread@@QAE@ABUMysql_connection_thread_args@@@Z 00406ae0 f   mysql_connection.obj
 0001:00005b40       _my_net_local_init         00406b40 f   mysql_connection.obj
 0001:00005b90       ?init@Mysql_connection_thread@@QAEHXZ 00406b90 f   mysql_connection.obj
 0001:00005c30       ?cleanup@Mysql_connection_thread@@QAEXXZ 00406c30 f   mysql_connection.obj
 0001:00005c40       ??1Mysql_connection_thread@@QAE@XZ 00406c40 f   mysql_connection.obj
 0001:00005c60       ?check_connection@Mysql_connection_thread@@AAEHXZ 00406c60 f   mysql_connection.obj
 0001:00005ec0       ?dispatch_command@Mysql_connection_thread@@AAEHW4enum_server_command@@PBDI@Z 00406ec0 f   mysql_connection.obj
 0001:00006040       ?do_command@Mysql_connection_thread@@AAEHXZ 00407040 f   mysql_connection.obj
 0001:00006130       ?run@Mysql_connection_thread@@QAEXXZ 00407130 f   mysql_connection.obj
 0001:000061f0       _mysql_connection          004071f0 f   mysql_connection.obj
 0001:000062f0       ??0Options@@QAE@XZ         004072f0 f i mysqlmanager.obj
 0001:00006330       _main                      00407330 f   mysqlmanager.obj
 0001:00006710       ?cleanup@Options@@QAEXXZ   00407710 f   options.obj
 0001:00006730       ?setup_windows_defaults@Options@@QAEHXZ 00407730 f   options.obj
 0001:00006810       ?load@Options@@QAEHHPAPAD@Z 00407810 f   options.obj
 0001:00006930       ?get_word@@YAXPAPBDPAIH@Z  00407930 f i parse.obj
 0001:00006a00       ??0Show_instances@@QAE@PAVInstance_map@@@Z 00407a00 f i parse.obj
 0001:00006a20       ??0Flush_instances@@QAE@PAVInstance_map@@@Z 00407a20 f i parse.obj
 0001:00006a40       ??0Syntax_error@@QAE@XZ    00407a40 f i parse.obj
 0001:00006a60       ??1Set_option@@UAE@XZ      00407a60 f i parse.obj
 0001:00006a70       ?find_token@@YA?AW4Token@@PBDI@Z 00407a70 f i parse.obj
 0001:00006ad0       ?get_token@@YA?AW4Token@@PAPBDPAI@Z 00407ad0 f   parse.obj
 0001:00006b10       ?shift_token@@YA?AW4Token@@PAPBDPAI@Z 00407b10 f   parse.obj
 0001:00006b70       ?get_text_id@@YAHPAPBDPAI0@Z 00407b70 f   parse.obj
 0001:00006bb0       ??_EShow_instances@@UAEPAXI@Z 00407bb0 f i parse.obj
 0001:00006bb0       ??_GShow_instances@@UAEPAXI@Z 00407bb0 f i parse.obj
 0001:00006be0       ??_EFlush_instances@@UAEPAXI@Z 00407be0 f i parse.obj
 0001:00006be0       ??_GFlush_instances@@UAEPAXI@Z 00407be0 f i parse.obj
 0001:00006c10       ??_GSyntax_error@@UAEPAXI@Z 00407c10 f i parse.obj
 0001:00006c10       ??_ESyntax_error@@UAEPAXI@Z 00407c10 f i parse.obj
 0001:00006c40       ??0Unset_option@@QAE@PAVInstance_map@@PBDI1I1I@Z 00407c40 f i parse.obj
 0001:00006c90       ??_GUnset_option@@UAEPAXI@Z 00407c90 f i parse.obj
 0001:00006c90       ??_EUnset_option@@UAEPAXI@Z 00407c90 f i parse.obj
 0001:00006cc0       ?parse_command@@YAPAVCommand@@PAVInstance_map@@PBD@Z 00407cc0 f   parse.obj
 0001:000074c0       ?trim_space@@YAXPAPBDPAI@Z 004084c0 f   parse_output.obj
 0001:00007530       ?parse_output_and_get_value@@YAHPBD0PADII@Z 00408530 f   parse_output.obj
 0001:000076c0       ?set_stacksize_n_create_thread@@YAHPAPAXPAUthread_attr@@P6APAXPAX@Z2@Z 004086c0 f   priv.obj
 0001:000076d0       ?net_send_error@@YAHPAUst_net@@I@Z 004086d0 f   protocol.obj
 0001:000077b0       ?net_send_error_323@@YAHPAUst_net@@I@Z 004087b0 f   protocol.obj
 0001:00007870       ?net_store_length@@YAPADPADI@Z 00408870 f   protocol.obj
 0001:000078a0       ?store_to_protocol_packet@@YAHPAVBuffer@@PBDPAII@Z 004088a0 f   protocol.obj
 0001:00007920       ?store_to_protocol_packet@@YAHPAVBuffer@@PBDPAI@Z 00408920 f   protocol.obj
 0001:00007960       ?send_eof@@YAHPAUst_net@@@Z 00408960 f   protocol.obj
 0001:000079b0       ?send_fields@@YAHPAUst_net@@PAUst_list@@@Z 004089b0 f   protocol.obj
 0001:00007d90       ?net_send_ok@@YAHPAUst_net@@KPBD@Z 00408d90 f   protocol.obj
 0001:00007ee0       ??0Thread_info@@QAE@XZ     00408ee0 f   thread_registry.obj
 0001:00007ef0       ??0Thread_info@@QAE@PAX@Z  00408ef0 f   thread_registry.obj
 0001:00007f00       ??0Thread_registry@@QAE@XZ 00408f00 f   thread_registry.obj
 0001:00007f50       ??1Thread_registry@@QAE@XZ 00408f50 f   thread_registry.obj
 0001:00007f90       ?register_thread@Thread_registry@@QAEXPAVThread_info@@@Z 00408f90 f   thread_registry.obj
 0001:00007fe0       ?unregister_thread@Thread_registry@@QAEXPAVThread_info@@@Z 00408fe0 f   thread_registry.obj
 0001:00008040       ?cond_wait@Thread_registry@@QAEHPAVThread_info@@PAUpthread_cond_t@@PAU_RTL_CRITICAL_SECTION@@@Z 00409040 f   thread_registry.obj
 0001:000080c0       ?cond_timedwait@Thread_registry@@QAEHPAVThread_info@@PAUpthread_cond_t@@PAU_RTL_CRITICAL_SECTION@@PAUtimespec@@@Z 004090c0 f   thread_registry.obj
 0001:00008150       ?deliver_shutdown@Thread_registry@@QAEXXZ 00409150 f   thread_registry.obj
 0001:00008270       ?request_shutdown@Thread_registry@@QAEXXZ 00409270 f   thread_registry.obj
 0001:00008290       ?get_error_status@Thread_registry@@QAEHXZ 00409290 f   thread_registry.obj
 0001:000082c0       ?set_error_status@Thread_registry@@QAEXXZ 004092c0 f   thread_registry.obj
 0001:000082f0       ??0User@@QAE@XZ            004092f0 f i user_map.obj
 0001:00008300       ?init@User@@QAEHPBD@Z      00409300 f   user_map.obj
 0001:00008480       ?init@User_map@@QAEHXZ     00409480 f   user_map.obj
 0001:000084c0       ??1User_map@@QAE@XZ        004094c0 f   user_map.obj
 0001:000084d0       ?load@User_map@@QAEHPBD@Z  004094d0 f   user_map.obj
 0001:00008630       ?authenticate@User_map@@QBEHPBDI00@Z 00409630 f   user_map.obj
 0001:00008680       ??0IMService@@QAE@XZ       00409680 f   IMService.obj
 0001:000086c0       ?Shutdown@WindowsService@@MAEXXZ 004096c0 f i IMService.obj
 0001:000086d0       ?Pause@WindowsService@@MAEXXZ 004096d0 f i IMService.obj
 0001:000086e0       ?Continue@WindowsService@@MAEXXZ 004096e0 f i IMService.obj
 0001:000086f0       ??1IMService@@QAE@XZ       004096f0 f   IMService.obj
 0001:00008700       ?Stop@IMService@@MAEXXZ    00409700 f   IMService.obj
 0001:00008720       ?Run@IMService@@MAEXKPAPAD@Z 00409720 f   IMService.obj
 0001:00008790       ?Log@IMService@@MAEXPBD@Z  00409790 f   IMService.obj
 0001:000087b0       ?HandleServiceOptions@@YAHUOptions@@@Z 004097b0 f   IMService.obj
 0001:000088f0       ??0WindowsService@@QAE@XZ  004098f0 f   WindowsService.obj
 0001:00008930       ?Stop@WindowsService@@MAEXXZ 00409930 f i WindowsService.obj
 0001:00008940       ?Log@WindowsService@@MAEXPBD@Z 00409940 f i WindowsService.obj
 0001:00008950       ??1WindowsService@@QAE@XZ  00409950 f   WindowsService.obj
 0001:00008960       ?IsInstalled@WindowsService@@QAEHXZ 00409960 f   WindowsService.obj
 0001:000089b0       ?SetAcceptedControls@WindowsService@@QAEXK@Z 004099b0 f   WindowsService.obj
 0001:000089c0       ?ReportStatus@WindowsService@@IAEHKKK@Z 004099c0 f   WindowsService.obj
 0001:00008a80       ?HandleControlCode@WindowsService@@IAEXK@Z 00409a80 f   WindowsService.obj
 0001:00008b10       ?ControlHandler@WindowsService@@SGXK@Z 00409b10 f   WindowsService.obj
 0001:00008b20       ?Install@WindowsService@@QAEHXZ 00409b20 f   WindowsService.obj
 0001:00008c60       ?Remove@WindowsService@@QAEHXZ 00409c60 f   WindowsService.obj
 0001:00008d20       ?RegisterAndRun@WindowsService@@IAEXKPAPAD@Z 00409d20 f   WindowsService.obj
 0001:00008e10       ?ServiceMain@WindowsService@@SGXKPAPAD@Z 00409e10 f   WindowsService.obj
 0001:00008e20       ?Init@WindowsService@@QAEHXZ 00409e20 f   WindowsService.obj
 0001:00008e70       _my_net_init               00409e70 f   net_serv.obj
 0001:00008f30       _net_end                   00409f30 f   net_serv.obj
 0001:00008f50       _net_realloc               00409f50 f   net_serv.obj
 0001:00009090       _net_clear                 0040a090 f   net_serv.obj
 0001:00009110       _net_real_write            0040a110 f   net_serv.obj
 0001:000095c0       _my_net_read               0040a5c0 f   net_serv.obj
 0001:00009830       _my_net_set_read_timeout   0040a830 f   net_serv.obj
 0001:00009860       _my_net_set_write_timeout  0040a860 f   net_serv.obj
 0001:00009890       _net_flush                 0040a890 f   net_serv.obj
 0001:00009a20       _my_net_write              0040aa20 f   net_serv.obj
 0001:00009b20       _net_write_command         0040ab20 f   net_serv.obj
 0001:00009cf0       _net_field_length@4        0040acf0 f   pack.obj
 0001:00009d60       _net_field_length_ll       0040ad60 f   pack.obj
 0001:00009dd0       _net_store_length          0040add0 f   pack.obj
 0001:00009e70       _randominit                0040ae70 f   password.obj
 0001:00009eb0       _my_rnd                    0040aeb0 f   password.obj
 0001:00009f00       _hash_password             0040af00 f   password.obj
 0001:00009fa0       _make_scrambled_password_323 0040afa0 f   password.obj
 0001:0000a000       _scramble_323              0040b000 f   password.obj
 0001:0000a1c0       _check_scramble_323        0040b1c0 f   password.obj
 0001:0000a3a0       _get_salt_from_password_323 0040b3a0 f   password.obj
 0001:0000a500       _make_password_from_salt_323 0040b500 f   password.obj
 0001:0000a530       _create_random_string      0040b530 f   password.obj
 0001:0000a5b0       _octet2hex                 0040b5b0 f   password.obj
 0001:0000a6c0       _make_scrambled_password   0040b6c0 f   password.obj
 0001:0000a790       _scramble                  0040b790 f   password.obj
 0001:0000a8d0       _check_scramble            0040b8d0 f   password.obj
 0001:0000a9d0       _get_salt_from_password    0040b9d0 f   password.obj
 0001:0000a9f0       _make_password_from_salt   0040b9f0 f   password.obj
 0001:0000aa10       _mysql_errno_to_sqlstate   0040ba10 f   sql_state.obj
 0001:0000aa70       _my_connect                0040ba70 f   client.obj
 0001:0000aa90       _create_named_pipe         0040ba90 f   client.obj
 0001:0000ad80       _free_rows                 0040bd80 f   client.obj
 0001:0000adb0       _free_old_query            0040bdb0 f   client.obj
 0001:0000ae20       _set_mysql_error           0040be20 f   client.obj
 0001:0000af20       _end_server                0040bf20 f   client.obj
 0001:0000af70       _mysql_free_result@4       0040bf70 f   client.obj
 0001:0000b0c0       _mysql_read_default_options 0040c0c0 f   client.obj
 0001:0000b670       _unpack_fields             0040c670 f   client.obj
 0001:0000ba80       _mysql_init@4              0040ca80 f   client.obj
 0001:0000bb70       _mysql_ssl_set@24          0040cb70 f   client.obj
 0001:0000bcf0       _mysql_get_ssl_cipher@4    0040ccf0 f   client.obj
 0001:0000be70       _mysql_init_character_set  0040ce70 f   client.obj
 0001:0000c140       _mysql_select_db@8         0040d140 f   client.obj
 0001:0000c340       _mysql_detach_stmt_list    0040d340 f   client.obj
 0001:0000c350       _mysql_close@4             0040d350 f   client.obj
 0001:0000c430       _mysql_send_query@12       0040d430 f   client.obj
 0001:0000c470       _mysql_real_query@12       0040d470 f   client.obj
 0001:0000c4e0       _mysql_store_result@4      0040d4e0 f   client.obj
 0001:0000c770       _mysql_fetch_lengths@4     0040d770 f   client.obj
 0001:0000c7b0       _mysql_options@12          0040d7b0 f   client.obj
 0001:0000cb10       _mysql_num_rows@4          0040db10 f   client.obj
 0001:0000cb20       _mysql_num_fields@4        0040db20 f   client.obj
 0001:0000cb30       _mysql_errno@4             0040db30 f   client.obj
 0001:0000cb50       _mysql_error@4             0040db50 f   client.obj
 0001:0000cb70       _mysql_get_server_version@4 0040db70 f   client.obj
 0001:0000cbe0       _mysql_set_character_set@8 0040dbe0 f   client.obj
 0001:0000cd50       _cli_safe_read             0040dd50 f   client.obj
 0001:0000cf50       _cli_read_rows             0040df50 f   client.obj
 0001:0000d3e0       _mysql_real_connect@32     0040e3e0 f   client.obj
 0001:0000e4a0       _mysql_reconnect           0040f4a0 f   client.obj
 0001:0000e9e0       _mysql_fetch_row@4         0040f9e0 f   client.obj
 0001:0000eae0       _cli_advanced_command      0040fae0 f   client.obj
 0001:0000ed00       _get_tty_password          0040fd00 f   get_password.obj
 0001:0000ee10       _init_client_errs          0040fe10 f   errmsg.obj
 0001:0000ee30       _finish_client_errs        0040fe30 f   errmsg.obj
 0001:0000ee48       _InitializeCriticalSection@4 0040fe48 f   kernel32:KERNEL32.dll
 0001:0000ee4e       _DeleteCriticalSection@4   0040fe4e f   kernel32:KERNEL32.dll
 0001:0000ee54       _LeaveCriticalSection@4    0040fe54 f   kernel32:KERNEL32.dll
 0001:0000ee5a       _EnterCriticalSection@4    0040fe5a f   kernel32:KERNEL32.dll
 0001:0000ee60       _GetSystemTimeAsFileTime@4 0040fe60 f   kernel32:KERNEL32.dll
 0001:0000ee66       _CloseHandle@4             0040fe66 f   kernel32:KERNEL32.dll
 0001:0000ee6c       _GetExitCodeProcess@8      0040fe6c f   kernel32:KERNEL32.dll
 0001:0000ee72       _WaitForSingleObject@8     0040fe72 f   kernel32:KERNEL32.dll
 0001:0000ee78       _CreateProcessA@40         0040fe78 f   kernel32:KERNEL32.dll
 0001:0000ee7e       _SetLastError@4            0040fe7e f   kernel32:KERNEL32.dll
 0001:0000ee84       _GetLastError@0            0040fe84 f   kernel32:KERNEL32.dll
 0001:0000ee8a       _CreateRemoteThread@28     0040fe8a f   kernel32:KERNEL32.dll
 0001:0000ee90       _GetProcAddress@8          0040fe90 f   kernel32:KERNEL32.dll
 0001:0000ee96       _DuplicateHandle@28        0040fe96 f   kernel32:KERNEL32.dll
 0001:0000ee9c       _GetCurrentProcess@0       0040fe9c f   kernel32:KERNEL32.dll
 0001:0000eea2       _GetModuleHandleA@4        0040fea2 f   kernel32:KERNEL32.dll
 0001:0000eea8       _TerminateProcess@8        0040fea8 f   kernel32:KERNEL32.dll
 0001:0000eeae       _OpenProcess@12            0040feae f   kernel32:KERNEL32.dll
 0001:0000eeb4       _Sleep@4                   0040feb4 f   kernel32:KERNEL32.dll
 0001:0000eeba       _GetCurrentThreadId@0      0040feba f   kernel32:KERNEL32.dll
 0001:0000eec0       _GetModuleFileNameA@12     0040fec0 f   kernel32:KERNEL32.dll
 0001:0000eec6       _SetNamedPipeHandleState@16 0040fec6 f   kernel32:KERNEL32.dll
 0001:0000eecc       _WaitNamedPipeA@8          0040fecc f   kernel32:KERNEL32.dll
 0001:0000eed2       _CreateFileA@28            0040fed2 f   kernel32:KERNEL32.dll
 0001:0000eed8       _CloseServiceHandle@4      0040fed8 f   advapi32:ADVAPI32.dll
 0001:0000eede       _OpenServiceA@12           0040fede f   advapi32:ADVAPI32.dll
 0001:0000eee4       _OpenSCManagerA@12         0040fee4 f   advapi32:ADVAPI32.dll
 0001:0000eeea       _SetServiceStatus@8        0040feea f   advapi32:ADVAPI32.dll
 0001:0000eef0       _CreateServiceA@52         0040fef0 f   advapi32:ADVAPI32.dll
 0001:0000eef6       _DeleteService@4           0040fef6 f   advapi32:ADVAPI32.dll
 0001:0000eefc       _RegisterServiceCtrlHandlerA@8 0040fefc f   advapi32:ADVAPI32.dll
 0001:0000ef02       _StartServiceCtrlDispatcherA@4 0040ff02 f   advapi32:ADVAPI32.dll
 0001:0000ef10       _my_realloc                0040ff10 f   mysys:my_realloc.obj
 0001:0000ef90       _my_malloc                 0040ff90 f   mysys:my_malloc.obj
 0001:0000f020       _my_no_flags_free          00410020 f   mysys:my_malloc.obj
 0001:0000f040       _my_memdup                 00410040 f   mysys:my_malloc.obj
 0001:0000f080       _my_strdup                 00410080 f   mysys:my_malloc.obj
 0001:0000f0d0       _my_strdup_with_length     004100d0 f   mysys:my_malloc.obj
 0001:0000f110       _list_add                  00410110 f   mysys:list.obj
 0001:0000f140       _list_delete               00410140 f   mysys:list.obj
 0001:0000f170       _list_free                 00410170 f   mysys:list.obj
 0001:0000f1b0       _list_cons                 004101b0 f   mysys:list.obj
 0001:0000f1f0       _list_reverse              004101f0 f   mysys:list.obj
 0001:0000f220       _list_length               00410220 f   mysys:list.obj
 0001:0000f240       _list_walk                 00410240 f   mysys:list.obj
 0001:0000f270       _init_dynamic_array        00410270 f   mysys:array.obj
 0001:0000f2e0       _alloc_dynamic             004102e0 f   mysys:array.obj
 0001:0000f330       _pop_dynamic               00410330 f   mysys:array.obj
 0001:0000f350       _set_dynamic               00410350 f   mysys:array.obj
 0001:0000f3f0       _get_dynamic               004103f0 f   mysys:array.obj
 0001:0000f440       _delete_dynamic            00410440 f   mysys:array.obj
 0001:0000f470       _delete_dynamic_element    00410470 f   mysys:array.obj
 0001:0000f4b0       _freeze_size               004104b0 f   mysys:array.obj
 0001:0000f4f0       _insert_dynamic            004104f0 f   mysys:array.obj
 0001:0000f540       _my_read                   00410540 f   mysys:my_read.obj
 0001:0000f660       _my_seek                   00410660 f   mysys:my_seek.obj
 0001:0000f700       _my_tell                   00410700 f   mysys:my_seek.obj
 0001:0000f740       _my_dirend                 00410740 f   mysys:my_lib.obj
 0001:0000f7c0       _my_dir                    004107c0 f   mysys:my_lib.obj
 0001:0000fa70       _my_fstat                  00410a70 f   mysys:my_lib.obj
 0001:0000fa90       _my_stat                   00410a90 f   mysys:my_lib.obj
 0001:0000fb20       _my_close                  00410b20 f   mysys:my_open.obj
 0001:0000fbf0       _my_register_filename      00410bf0 f   mysys:my_open.obj
 0001:0000fd10       _my_sopen                  00410d10 f   mysys:my_open.obj
 0001:0000ffb0       _my_open                   00410fb0 f   mysys:my_open.obj
 0001:00010080       _modify_defaults_file      00411080 f   mysys:default_modify.obj
 0001:000104d0       _init_alloc_root           004114d0 f   mysys:my_alloc.obj
 0001:00010530       _reset_root_defaults       00411530 f   mysys:my_alloc.obj
 0001:000105d0       _alloc_root                004115d0 f   mysys:my_alloc.obj
 0001:000106b0       _multi_alloc_root          004116b0 f   mysys:my_alloc.obj
 0001:00010770       _free_root                 00411770 f   mysys:my_alloc.obj
 0001:00010810       _set_prealloc_root         00411810 f   mysys:my_alloc.obj
 0001:00010860       _strmake_root              00411860 f   mysys:my_alloc.obj
 0001:000108a0       _memdup_root               004118a0 f   mysys:my_alloc.obj
 0001:000108e0       _strdup_root               004118e0 f   mysys:my_alloc.obj
 0001:00010930       _pthread_cond_init         00411930 f   mysys:my_wincond.obj
 0001:000109a0       _pthread_cond_destroy      004119a0 f   mysys:my_wincond.obj
 0001:000109f0       _pthread_cond_timedwait    004119f0 f   mysys:my_wincond.obj
 0001:00010ad0       _pthread_cond_signal       00411ad0 f   mysys:my_wincond.obj
 0001:00010b00       _pthread_cond_broadcast    00411b00 f   mysys:my_wincond.obj
 0001:00010b40       _pthread_attr_init         00411b40 f   mysys:my_wincond.obj
 0001:00010b60       _pthread_attr_setstacksize 00411b60 f   mysys:my_wincond.obj
 0001:00010b70       _pthread_attr_setprio      00411b70 f   mysys:my_wincond.obj
 0001:00010b80       _pthread_attr_destroy      00411b80 f   mysys:my_wincond.obj
 0001:00010b90       _localtime_r               00411b90 f   mysys:my_wincond.obj
 0001:00010c00       _pthread_cond_wait         00411c00 f   mysys:my_wincond.obj
 0001:00010c20       _my_thread_global_end      00411c20 f   mysys:my_thr_init.obj
 0001:00010d20       _my_thread_init            00411d20 f   mysys:my_thr_init.obj
 0001:00010da0       _my_thread_end             00411da0 f   mysys:my_thr_init.obj
 0001:00010e10       __my_thread_var            00411e10 f   mysys:my_thr_init.obj
 0001:00010e30       _my_thread_id              00411e30 f   mysys:my_thr_init.obj
 0001:00010e50       _my_thread_name            00411e50 f   mysys:my_thr_init.obj
 0001:00010e70       _my_thread_global_init     00411e70 f   mysys:my_thr_init.obj
 0001:00010f20       _win_pthread_init          00411f20 f   mysys:my_winthread.obj
 0001:00010f30       _win_pthread_mutex_trylock 00411f30 f   mysys:my_winthread.obj
 0001:00010f60       _pthread_exit              00411f60 f   mysys:my_winthread.obj
 0001:00010f70       _win_pthread_setspecific   00411f70 f   mysys:my_winthread.obj
 0001:00010fa0       _pthread_start             00411fa0 f   mysys:my_winthread.obj
 0001:00010ff0       _pthread_create            00411ff0 f   mysys:my_winthread.obj
 0001:00011080       _gmtime_r                  00412080 f   mysys:my_pthread.obj
 0001:000110c0       _pthread_no_free           004120c0 f   mysys:my_pthread.obj
 0001:000110d0       _pthread_dummy             004120d0 f   mysys:my_pthread.obj
 0001:00011120       __hash_init                00412120 f   mysys:hash.obj
 0001:000111d0       _hash_free                 004121d0 f   mysys:hash.obj
 0001:000111f0       _my_hash_reset             004121f0 f   mysys:hash.obj
 0001:000113a0       _my_hash_insert            004123a0 f   mysys:hash.obj
 0001:00011640       _hash_delete               00412640 f   mysys:hash.obj
 0001:00011880       _hash_update               00412880 f   mysys:hash.obj
 0001:00011a10       _hash_element              00412a10 f   mysys:hash.obj
 0001:00011a30       _hash_replace              00412a30 f   mysys:hash.obj
 0001:00011a50       _hash_first                00412a50 f   mysys:hash.obj
 0001:00011b70       _hash_next                 00412b70 f   mysys:hash.obj
 0001:00011c10       _hash_search               00412c10 f   mysys:hash.obj
 0001:00011c30       _my_charset_same           00412c30 f   mysys:charset.obj
 0001:000122d0       _get_charsets_dir          004132d0 f   mysys:charset.obj
 0001:00012390       _add_compiled_collation    00413390 f   mysys:charset.obj
 0001:00012490       _free_charsets             00413490 f   mysys:charset.obj
 0001:000124a0       _get_collation_number      004134a0 f   mysys:charset.obj
 0001:000124c0       _get_charset_number        004134c0 f   mysys:charset.obj
 0001:00012520       _get_charset_name          00413520 f   mysys:charset.obj
 0001:00012640       _get_charset               00413640 f   mysys:charset.obj
 0001:00012710       _get_charset_by_name       00413710 f   mysys:charset.obj
 0001:000127b0       _get_charset_by_csname     004137b0 f   mysys:charset.obj
 0001:00012850       _escape_string_for_mysql   00413850 f   mysys:charset.obj
 0001:00012a00       _fs_character_set          00413a00 f   mysys:charset.obj
 0001:00012a90       _escape_quotes_for_mysql   00413a90 f   mysys:charset.obj
 0001:00012b60       _get_compatible_charset_with_ctype 00413b60 f   mysys:charset.obj
 0001:00012c70       _get_defaults_options      00413c70 f   mysys:default.obj
 0001:00012d40       _free_defaults             00413d40 f   mysys:default.obj
 0001:000137c0       _my_print_default_files    004147c0 f   mysys:default.obj
 0001:00013940       _print_defaults            00414940 f   mysys:default.obj
 0001:00013a70       _my_search_option_files    00414a70 f   mysys:default.obj
 0001:00013d00       _load_defaults             00414d00 f   mysys:default.obj
 0001:00013fb0       _strlength                 00414fb0 f   mysys:mf_format.obj
 0001:00013ff0       _fn_format                 00414ff0 f   mysys:mf_format.obj
 0001:00014240       _my_load_path              00415240 f   mysys:mf_loadpath.obj
 0001:00014370       _my_fclose                 00415370 f   mysys:my_fopen.obj
 0001:00014480       _my_fopen                  00415480 f   mysys:my_fopen.obj
 0001:000145f0       _my_fdopen                 004155f0 f   mysys:my_fopen.obj
 0001:000146f0       _dirname_length            004156f0 f   mysys:mf_dirname.obj
 0001:00014730       _convert_dirname           00415730 f   mysys:mf_dirname.obj
 0001:000147e0       _dirname_part              004157e0 f   mysys:mf_dirname.obj
 0001:00014810       _my_delete                 00415810 f   mysys:my_delete.obj
 0001:00014870       _nt_share_delete           00415870 f   mysys:my_delete.obj
 0001:000149a0       _my_end                    004159a0 f   mysys:my_init.obj
 0001:00014a10       _setEnvString              00415a10 f   mysys:my_init.obj
 0001:00014a30       _my_parameter_handler      00415a30 f   mysys:my_init.obj
 0001:00014c70       _my_init                   00415c70 f   mysys:my_init.obj
 0001:00014da0       _my_getopt_register_get_addr 00415da0 f   mysys:my_getopt.obj
 0001:00014e00       _getopt_compare_strings    00415e00 f   mysys:my_getopt.obj
 0001:00015050       _getopt_ull_limit_value    00416050 f   mysys:my_getopt.obj
 0001:000152e0       _my_print_help             004162e0 f   mysys:my_getopt.obj
 0001:00015520       _my_print_variables        00416520 f   mysys:my_getopt.obj
 0001:00015950       _handle_options            00416950 f   mysys:my_getopt.obj
 0001:00016350       _my_compress_alloc         00417350 f   mysys:my_compress.obj
 0001:000163c0       _my_uncompress             004173c0 f   mysys:my_compress.obj
 0001:00016430       _my_compress               00417430 f   mysys:my_compress.obj
 0001:00016490       _mysql_sha1_reset          00417490 f   mysys:sha1.obj
 0001:00016c60       _mysql_sha1_result         00417c60 f   mysys:sha1.obj
 0001:00016cc0       _mysql_sha1_input          00417cc0 f   mysys:sha1.obj
 0001:00016d10       _find_type                 00417d10 f   mysys:typelib.obj
 0001:00016e70       _get_type                  00417e70 f   mysys:typelib.obj
 0001:00016e90       _copy_typelib              00417e90 f   mysys:typelib.obj
 0001:00016f60       _make_type                 00417f60 f   mysys:typelib.obj
 0001:00016fb0       _my_error                  00417fb0 f   mysys:my_error.obj
 0001:00017060       _my_printf_error           00418060 f   mysys:my_error.obj
 0001:000170c0       _my_message                004180c0 f   mysys:my_error.obj
 0001:000170d0       _my_error_register         004180d0 f   mysys:my_error.obj
 0001:00017150       _my_error_unregister       00418150 f   mysys:my_error.obj
 0001:000171a0       _my_multi_malloc           004181a0 f   mysys:mulalloc.obj
 0001:00017210       _my_gethostbyname_r        00418210 f   mysys:my_gethostbyname.obj
 0001:00017240       _my_gethostbyname_r_free   00418240 f   mysys:my_gethostbyname.obj
 0001:00017250       _thr_alarm_kill            00418250 f   mysys:thr_alarm.obj
 0001:00017260       _process_alarm             00418260 f   mysys:thr_alarm.obj
 0001:00017270       _thr_alarm                 00418270 f   mysys:thr_alarm.obj
 0001:000172c0       _thr_got_alarm             004182c0 f   mysys:thr_alarm.obj
 0001:00017330       _thr_end_alarm             00418330 f   mysys:thr_alarm.obj
 0001:00017360       _end_thr_alarm             00418360 f   mysys:thr_alarm.obj
 0001:00017370       _init_thr_alarm            00418370 f   mysys:thr_alarm.obj
 0001:00017380       _thr_alarm_info            00418380 f   mysys:thr_alarm.obj
 0001:00017390       _resize_thr_alarm          00418390 f   mysys:thr_alarm.obj
 0001:000173a0       _my_filename               004183a0 f   mysys:my_div.obj
 0001:000173e0       _my_qsort                  004183e0 f   mysys:mf_qsort.obj
 0001:00017a00       _my_access                 00418a00 f   mysys:my_access.obj
 0001:00017a50       _check_if_legal_filename   00418a50 f   mysys:my_access.obj
 0001:00017af0       _my_fread                  00418af0 f   mysys:my_fstream.obj
 0001:00017bc0       _my_fseek                  00418bc0 f   mysys:my_fstream.obj
 0001:00017bf0       _my_ftell                  00418bf0 f   mysys:my_fstream.obj
 0001:00017c00       _my_fwrite                 00418c00 f   mysys:my_fstream.obj
 0001:00017d00       _my_chsize                 00418d00 f   mysys:my_chsize.obj
 0001:00017e80       _my_once_alloc             00418e80 f   mysys:my_once.obj
 0001:00017f30       _my_once_strdup            00418f30 f   mysys:my_once.obj
 0001:00017f80       _my_once_memdup            00418f80 f   mysys:my_once.obj
 0001:00017fc0       _my_once_free              00418fc0 f   mysys:my_once.obj
 0001:00017ff0       _my_getwd                  00418ff0 f   mysys:my_getwd.obj
 0001:00018090       _test_if_hard_path         00419090 f   mysys:my_getwd.obj
 0001:000180e0       _has_path                  004190e0 f   mysys:my_getwd.obj
 0001:00018120       _my_setwd                  00419120 f   mysys:my_getwd.obj
 0001:000181d0       _init_compiled_charsets    004191d0 f   mysys:charset-def.obj
 0001:000184a0       _array_append_string_unique 004194a0 f   mysys:mf_arr_appstr.obj
 0001:00018530       _cleanup_dirname           00419530 f   mysys:mf_pack.obj
 0001:00018800       _symdirget                 00419800 f   mysys:mf_pack.obj
 0001:00018940       _system_filename           00419940 f   mysys:mf_pack.obj
 0001:00018960       _intern_filename           00419960 f   mysys:mf_pack.obj
 0001:000189f0       _pack_dirname              004199f0 f   mysys:mf_pack.obj
 0001:00018be0       _normalize_dirname         00419be0 f   mysys:mf_pack.obj
 0001:00018c60       _unpack_dirname            00419c60 f   mysys:mf_pack.obj
 0001:00018d50       _unpack_filename           00419d50 f   mysys:mf_pack.obj
 0001:00018e10       _fn_ext                    00419e10 f   mysys:mf_fn_ext.obj
 0001:00018e70       _my_readlink               00419e70 f   mysys:my_symlink.obj
 0001:00018e90       _my_symlink                00419e90 f   mysys:my_symlink.obj
 0001:00018ea0       _my_is_symlink             00419ea0 f   mysys:my_symlink.obj
 0001:00018eb0       _my_realpath               00419eb0 f   mysys:my_symlink.obj
 0001:00018ed0       _my_message_no_curses      00419ed0 f   mysys:my_messnc.obj
 0001:00018f50       _init_glob_errs            00419f50 f   mysys:errors.obj
 0001:00018f60       _my_write                  00419f60 f   mysys:my_write.obj
 0001:000190d0       _strnmov                   0041a0d0 f   strings:strnmov.obj
 0001:00019100       _int2str                   0041a100 f   strings:int2str.obj
 0001:000191e0       _int10_to_str              0041a1e0 f   strings:int2str.obj
 0001:00019290       _strmake                   0041a290 f   strings:strmake.obj
 0001:000192c0       _strmov                    0041a2c0 f   strings:strmov.obj
 0001:000192e0       _strxnmov                  0041a2e0 f   strings:strxnmov.obj
 0001:00019330       _strend                    0041a330 f   strings:strend.obj
 0001:00019340       _is_prefix                 0041a340 f   strings:is_prefix.obj
 0001:00019600       _my_hash_sort_latin1_de    0041a600 f   strings:ctype-latin1.obj
 0001:000196b0       _my_vsnprintf              0041a6b0 f   strings:my_vsnprintf.obj
 0001:000199c0       _my_snprintf               0041a9c0 f   strings:my_vsnprintf.obj
 0001:000199e0       _strcend                   0041a9e0 f   strings:strcend.obj
 0001:00019a00       _my_strnxfrmlen_simple     0041aa00 f   strings:ctype-simple.obj
 0001:00019a20       _my_strnxfrm_simple        0041aa20 f   strings:ctype-simple.obj
 0001:00019aa0       _my_strnncoll_simple       0041aaa0 f   strings:ctype-simple.obj
 0001:00019b10       _my_strnncollsp_simple     0041ab10 f   strings:ctype-simple.obj
 0001:00019bc0       _my_caseup_str_8bit        0041abc0 f   strings:ctype-simple.obj
 0001:00019c00       _my_casedn_str_8bit        0041ac00 f   strings:ctype-simple.obj
 0001:00019c40       _my_caseup_8bit            0041ac40 f   strings:ctype-simple.obj
 0001:00019c70       _my_casedn_8bit            0041ac70 f   strings:ctype-simple.obj
 0001:00019ca0       _my_strcasecmp_8bit        0041aca0 f   strings:ctype-simple.obj
 0001:00019d00       _my_mb_wc_8bit             0041ad00 f   strings:ctype-simple.obj
 0001:00019d40       _my_wc_mb_8bit             0041ad40 f   strings:ctype-simple.obj
 0001:00019da0       _my_snprintf_8bit          0041ada0 f   strings:ctype-simple.obj
 0001:00019dc0       _my_hash_sort_simple       0041adc0 f   strings:ctype-simple.obj
 0001:00019e40       _my_strntol_8bit           0041ae40 f   strings:ctype-simple.obj
 0001:00019f90       _my_strntoul_8bit          0041af90 f   strings:ctype-simple.obj
 0001:0001a0d0       _my_strntoll_8bit          0041b0d0 f   strings:ctype-simple.obj
 0001:0001a2a0       _my_strntoull_8bit         0041b2a0 f   strings:ctype-simple.obj
 0001:0001a430       _my_strntod_8bit           0041b430 f   strings:ctype-simple.obj
 0001:0001a460       _my_long10_to_str_8bit     0041b460 f   strings:ctype-simple.obj
 0001:0001a530       _my_longlong10_to_str_8bit 0041b530 f   strings:ctype-simple.obj
 0001:0001a650       _my_wildcmp_8bit           0041b650 f   strings:ctype-simple.obj
 0001:0001a7e0       _my_like_range_simple      0041b7e0 f   strings:ctype-simple.obj
 0001:0001a8f0       _my_scan_8bit              0041b8f0 f   strings:ctype-simple.obj
 0001:0001a950       _my_fill_8bit              0041b950 f   strings:ctype-simple.obj
 0001:0001a980       _my_numchars_8bit          0041b980 f   strings:ctype-simple.obj
 0001:0001a990       _my_numcells_8bit          0041b990 f   strings:ctype-simple.obj
 0001:0001a9a0       _my_charpos_8bit           0041b9a0 f   strings:ctype-simple.obj
 0001:0001a9b0       _my_well_formed_len_8bit   0041b9b0 f   strings:ctype-simple.obj
 0001:0001a9d0       _my_lengthsp_8bit          0041b9d0 f   strings:ctype-simple.obj
 0001:0001a9f0       _my_instr_simple           0041b9f0 f   strings:ctype-simple.obj
 0001:0001afc0       _my_strtoll10_8bit         0041bfc0 f   strings:ctype-simple.obj
 0001:0001afe0       _my_strntoull10rnd_8bit    0041bfe0 f   strings:ctype-simple.obj
 0001:0001b450       _my_propagate_simple       0041c450 f   strings:ctype-simple.obj
 0001:0001b460       _my_propagate_complex      0041c460 f   strings:ctype-simple.obj
 0001:0001b4d0       _my_lengthsp_binary        0041c4d0 f   strings:ctype-bin.obj
 0001:0001b670       _my_mbcharlen_8bit         0041c670 f   strings:ctype-bin.obj
 0001:0001b6d0       _my_hash_sort_8bit_bin     0041c6d0 f   strings:ctype-bin.obj
 0001:0001b730       _my_hash_sort_bin          0041c730 f   strings:ctype-bin.obj
 0001:0001b780       _my_wildcmp_bin            0041c780 f   strings:ctype-bin.obj
 0001:0001c080       _my_parse_charset_xml      0041d080 f   strings:ctype.obj
 0001:0001c130       _my_string_repertoire      0041d130 f   strings:ctype.obj
 0001:0001c1b0       _my_charset_is_ascii_based 0041d1b0 f   strings:ctype.obj
 0001:0001c1f0       _my_charset_is_8bit_pure_ascii 0041d1f0 f   strings:ctype.obj
 0001:0001d520       _strxmov                   0041e520 f   strings:strxmov.obj
 0001:0001dd90       _str2int                   0041ed90 f   strings:str2int.obj
 0001:0001df40       _strtoll                   0041ef40 f   strings:strtoll.obj
 0001:0001e170       _llstr                     0041f170 f   strings:llstr.obj
 0001:0001e190       _ullstr                    0041f190 f   strings:llstr.obj
 0001:0001e1b0       _longlong2str              0041f1b0 f   strings:longlong2str.obj
 0001:0001e2f0       _longlong10_to_str         0041f2f0 f   strings:longlong2str.obj
 0001:0001e3f0       _my_wildcmp_unicode        0041f3f0 f   strings:ctype-utf8.obj
 0001:000215f0       _my_strntol_ucs2           004225f0 f   strings:ctype-ucs2.obj
 0001:00021800       _my_strntoul_ucs2          00422800 f   strings:ctype-ucs2.obj
 0001:000219f0       _my_strntoll_ucs2          004229f0 f   strings:ctype-ucs2.obj
 0001:00021ca0       _my_strntoull_ucs2         00422ca0 f   strings:ctype-ucs2.obj
 0001:00021f10       _my_strntod_ucs2           00422f10 f   strings:ctype-ucs2.obj
 0001:00021fe0       _my_strntoull10rnd_ucs2    00422fe0 f   strings:ctype-ucs2.obj
 0001:000220b0       _my_l10tostr_ucs2          004230b0 f   strings:ctype-ucs2.obj
 0001:00022180       _my_ll10tostr_ucs2         00423180 f   strings:ctype-ucs2.obj
 0001:000222a0       _my_strtoll10_ucs2         004232a0 f   strings:ctype-ucs2.obj
 0001:00022990       _my_like_range_ucs2        00423990 f   strings:ctype-ucs2.obj
 0001:00022c80       _my_scan_ucs2              00423c80 f   strings:ctype-ucs2.obj
 0001:000238b0       _my_strnncoll_gbk_internal 004248b0 f   strings:ctype-gbk.obj
 0001:000239e0       _my_strnncoll_gbk          004249e0 f   strings:ctype-gbk.obj
 0001:00027700       _bchange                   00428700 f   strings:bchange.obj
 0001:00027760       _bmove_upp                 00428760 f   strings:bmove_upp.obj
 0001:00027780       _my_strtod                 00428780 f   strings:strtod.obj
 0001:00027b00       _my_atof                   00428b00 f   strings:strtod.obj
 0001:00027b30       _my_strtoll10              00428b30 f   strings:my_strtoll10.obj
 0001:00028320       _my_xml_parse              00429320 f   strings:xml.obj
 0001:000286d0       _my_xml_parser_create      004296d0 f   strings:xml.obj
 0001:000286e0       _my_xml_parser_free        004296e0 f   strings:xml.obj
 0001:000286f0       _my_xml_set_value_handler  004296f0 f   strings:xml.obj
 0001:00028700       _my_xml_set_enter_handler  00429700 f   strings:xml.obj
 0001:00028710       _my_xml_set_leave_handler  00429710 f   strings:xml.obj
 0001:00028720       _my_xml_set_user_data      00429720 f   strings:xml.obj
 0001:00028730       _my_xml_error_string       00429730 f   strings:xml.obj
 0001:00028740       _my_xml_error_pos          00429740 f   strings:xml.obj
 0001:00028770       _my_xml_error_lineno       00429770 f   strings:xml.obj
 0001:000287a0       _my_caseup_str_mb          004297a0 f   strings:ctype-mb.obj
 0001:000287f0       _my_casedn_str_mb          004297f0 f   strings:ctype-mb.obj
 0001:00028840       _my_caseup_mb              00429840 f   strings:ctype-mb.obj
 0001:00028890       _my_casedn_mb              00429890 f   strings:ctype-mb.obj
 0001:000288e0       _my_strcasecmp_mb          004298e0 f   strings:ctype-mb.obj
 0001:00028970       _my_wildcmp_mb             00429970 f   strings:ctype-mb.obj
 0001:00028c90       _my_numchars_mb            00429c90 f   strings:ctype-mb.obj
 0001:00028cd0       _my_charpos_mb             00429cd0 f   strings:ctype-mb.obj
 0001:00028d30       _my_well_formed_len_mb     00429d30 f   strings:ctype-mb.obj
 0001:00028da0       _my_instr_mb               00429da0 f   strings:ctype-mb.obj
 0001:00029110       _my_like_range_mb          0042a110 f   strings:ctype-mb.obj
 0001:00029650       _my_numcells_mb            0042a650 f   strings:ctype-mb.obj
 0001:000296f0       _vio_delete                0042a6f0 f   vio:vio.obj
 0001:00029720       _vio_end                   0042a720 f   vio:vio.obj
 0001:000298a0       _vio_reset                 0042a8a0 f   vio:vio.obj
 0001:000298d0       _vio_new                   0042a8d0 f   vio:vio.obj
 0001:00029950       _vio_new_win32pipe         0042a950 f   vio:vio.obj
 0001:00029a20       _vio_new_win32shared_memory 0042aa20 f   vio:vio.obj
 0001:00029b40       _vio_errno                 0042ab40 f   vio:viosocket.obj
 0001:00029b50       _vio_read                  0042ab50 f   vio:viosocket.obj
 0001:00029b70       _vio_read_buff             0042ab70 f   vio:viosocket.obj
 0001:00029c20       _vio_write                 0042ac20 f   vio:viosocket.obj
 0001:00029c40       _vio_blocking              0042ac40 f   vio:viosocket.obj
 0001:00029cc0       _vio_is_blocking           0042acc0 f   vio:viosocket.obj
 0001:00029cd0       _vio_fastsend              0042acd0 f   vio:viosocket.obj
 0001:00029d00       _vio_keepalive             0042ad00 f   vio:viosocket.obj
 0001:00029d40       _vio_should_retry          0042ad40 f   vio:viosocket.obj
 0001:00029d70       _vio_was_interrupted       0042ad70 f   vio:viosocket.obj
 0001:00029da0       _vio_close                 0042ada0 f   vio:viosocket.obj
 0001:00029e10       _vio_description           0042ae10 f   vio:viosocket.obj
 0001:00029e20       _vio_type                  0042ae20 f   vio:viosocket.obj
 0001:00029e30       _vio_fd                    0042ae30 f   vio:viosocket.obj
 0001:00029e40       _vio_peer_addr             0042ae40 f   vio:viosocket.obj
 0001:00029ec0       _vio_in_addr               0042aec0 f   vio:viosocket.obj
 0001:00029ee0       _vio_poll_read             0042aee0 f   vio:viosocket.obj
 0001:00029ef0       _vio_timeout               0042aef0 f   vio:viosocket.obj
 0001:00029f30       _vio_read_pipe             0042af30 f   vio:viosocket.obj
 0001:00029f60       _vio_write_pipe            0042af60 f   vio:viosocket.obj
 0001:00029f90       _vio_close_pipe            0042af90 f   vio:viosocket.obj
 0001:00029fb0       _vio_ignore_timeout        0042afb0 f   vio:viosocket.obj
 0001:00029fc0       _vio_read_shared_memory    0042afc0 f   vio:viosocket.obj
 0001:0002a0e0       _vio_write_shared_memory   0042b0e0 f   vio:viosocket.obj
 0001:0002a190       _vio_close_shared_memory   0042b190 f   vio:viosocket.obj
 0001:0002a260       _vio_ssl_read              0042b260 f   vio:viossl.obj
 0001:0002a280       _vio_ssl_write             0042b280 f   vio:viossl.obj
 0001:0002a2a0       _vio_ssl_close             0042b2a0 f   vio:viossl.obj
 0001:0002a2e0       _vio_ssl_delete            0042b2e0 f   vio:viossl.obj
 0001:0002a420       _sslaccept                 0042b420 f   vio:viossl.obj
 0001:0002a440       _sslconnect                0042b440 f   vio:viossl.obj
 0001:0002a460       _vio_ssl_blocking          0042b460 f   vio:viossl.obj
 0001:0002a7d0       _new_VioSSLConnectorFd     0042b7d0 f   vio:viosslfactories.obj
 0001:0002a830       _new_VioSSLAcceptorFd      0042b830 f   vio:viosslfactories.obj
 0001:0002a890       ??2@YAPAXIPAUDummy@@@Z     0042b890 f i yassl:ssl.obj
 0001:0002a8a0       ??1Message@yaSSL@@UAE@XZ   0042b8a0 f i yassl:ssl.obj
 0001:0002a8b0       ??_GMessage@yaSSL@@UAEPAXI@Z 0042b8b0 f i yassl:ssl.obj
 0001:0002a8b0       ??_EMessage@yaSSL@@UAEPAXI@Z 0042b8b0 f i yassl:ssl.obj
 0001:0002a8d0       ??1Alert@yaSSL@@UAE@XZ     0042b8d0 f i yassl:ssl.obj
 0001:0002a8e0       ??1HandShakeBase@yaSSL@@UAE@XZ 0042b8e0 f i yassl:ssl.obj
 0001:0002a8f0       ??_EHandShakeBase@yaSSL@@UAEPAXI@Z 0042b8f0 f i yassl:ssl.obj
 0001:0002a8f0       ??_GHandShakeBase@yaSSL@@UAEPAXI@Z 0042b8f0 f i yassl:ssl.obj
 0001:0002a910       ??0EncryptedInfo@yaSSL@@QAE@XZ 0042b910 f i yassl:ssl.obj
 0001:0002a920       ?min@TaoCrypt@@YAIII@Z     0042b920 f i yassl:ssl.obj
 0001:0002a930       ??0Error@TaoCrypt@@QAE@W4ErrorNumber@1@@Z 0042b930 f i yassl:ssl.obj
 0001:0002a940       ?assign@BIGNUM@yaSSL@@QAEXPBEI@Z 0042b940 f i yassl:ssl.obj
 0001:0002a950       ??1Finished@yaSSL@@UAE@XZ  0042b950 f i yassl:ssl.obj
 0001:0002a960       ??1HASH@TaoCrypt@@UAE@XZ   0042b960 f i yassl:ssl.obj
 0001:0002a970       ??_EHASH@TaoCrypt@@UAEPAXI@Z 0042b970 f i yassl:ssl.obj
 0001:0002a970       ??_GHASH@TaoCrypt@@UAEPAXI@Z 0042b970 f i yassl:ssl.obj
 0001:0002a990       ??1HASHwithTransform@TaoCrypt@@UAE@XZ 0042b990 f i yassl:ssl.obj
 0001:0002a9a0       ??0MD5@TaoCrypt@@QAE@XZ    0042b9a0 f i yassl:ssl.obj
 0001:0002a9c0       ?getByteOrder@MD5@TaoCrypt@@UBE?AW4ByteOrder@2@XZ 0042b9c0 f i yassl:ssl.obj
 0001:0002a9d0       ?getBlockSize@MD5@TaoCrypt@@UBEIXZ 0042b9d0 f i yassl:ssl.obj
 0001:0002a9e0       ?getDigestSize@MD5@TaoCrypt@@UBEIXZ 0042b9e0 f i yassl:ssl.obj
 0001:0002a9f0       ?getPadSize@MD5@TaoCrypt@@UBEIXZ 0042b9f0 f i yassl:ssl.obj
 0001:0002aa00       ??0MD4@TaoCrypt@@QAE@XZ    0042ba00 f i yassl:ssl.obj
 0001:0002aa20       ?getByteOrder@MD4@TaoCrypt@@UBE?AW4ByteOrder@2@XZ 0042ba20 f i yassl:ssl.obj
 0001:0002aa30       ?getBlockSize@MD4@TaoCrypt@@UBEIXZ 0042ba30 f i yassl:ssl.obj
 0001:0002aa40       ?getDigestSize@MD4@TaoCrypt@@UBEIXZ 0042ba40 f i yassl:ssl.obj
 0001:0002aa50       ?getPadSize@MD4@TaoCrypt@@UBEIXZ 0042ba50 f i yassl:ssl.obj
 0001:0002aa60       _yaSSLv3_server_method     0042ba60 f   yassl:ssl.obj
 0001:0002aaa0       _yaSSLv3_client_method     0042baa0 f   yassl:ssl.obj
 0001:0002aae0       _yaTLSv1_server_method     0042bae0 f   yassl:ssl.obj
 0001:0002ab20       _yaTLSv1_client_method     0042bb20 f   yassl:ssl.obj
 0001:0002ab60       _yaTLSv1_1_server_method   0042bb60 f   yassl:ssl.obj
 0001:0002aba0       _yaTLSv1_1_client_method   0042bba0 f   yassl:ssl.obj
 0001:0002abe0       _yaSSLv23_server_method    0042bbe0 f   yassl:ssl.obj
 0001:0002ac20       _yaSSLv23_client_method    0042bc20 f   yassl:ssl.obj
 0001:0002ac60       _yaSSL_CTX_new             0042bc60 f   yassl:ssl.obj
 0001:0002ac90       _yaSSL_new                 0042bc90 f   yassl:ssl.obj
 0001:0002acc0       _yaSSL_set_fd              0042bcc0 f   yassl:ssl.obj
 0001:0002ace0       _yaSSL_get_fd              0042bce0 f   yassl:ssl.obj
 0001:0002acf0       _yaSSL_connect             0042bcf0 f   yassl:ssl.obj
 0001:0002af40       _yaSSL_write               0042bf40 f   yassl:ssl.obj
 0001:0002af50       ??1Data@yaSSL@@UAE@XZ      0042bf50 f i yassl:ssl.obj
 0001:0002af60       _yaSSL_accept              0042bf60 f   yassl:ssl.obj
 0001:0002b1e0       _yaSSL_do_handshake        0042c1e0 f   yassl:ssl.obj
 0001:0002b210       _yaSSL_clear               0042c210 f   yassl:ssl.obj
 0001:0002b230       _yaSSL_shutdown            0042c230 f   yassl:ssl.obj
 0001:0002b2a0       _yaSSL_set_quiet_shutdown  0042c2a0 f   yassl:ssl.obj
 0001:0002b2c0       _yaSSL_get_quiet_shutdown  0042c2c0 f   yassl:ssl.obj
 0001:0002b2d0       _yaSSL_CTX_set_session_cache_mode 0042c2d0 f   yassl:ssl.obj
 0001:0002b2f0       _yaSSL_get_session         0042c2f0 f   yassl:ssl.obj
 0001:0002b340       _yaSSL_set_session         0042c340 f   yassl:ssl.obj
 0001:0002b380       _yaSSL_session_reused      0042c380 f   yassl:ssl.obj
 0001:0002b3a0       _yaSSL_SESSION_set_timeout 0042c3a0 f   yassl:ssl.obj
 0001:0002b3c0       _yaSSL_get_default_timeout 0042c3c0 f   yassl:ssl.obj
 0001:0002b3d0       _yaSSL_get_cipher          0042c3d0 f   yassl:ssl.obj
 0001:0002b3f0       _yaSSL_get_shared_ciphers  0042c3f0 f   yassl:ssl.obj
 0001:0002b410       _yaSSL_get_cipher_list     0042c410 f   yassl:ssl.obj
 0001:0002b470       _yaSSL_CTX_set_cipher_list 0042c470 f   yassl:ssl.obj
 0001:0002b490       _yaSSL_get_version         0042c490 f   yassl:ssl.obj
 0001:0002b4b0       _yaSSLeay_version          0042c4b0 f   yassl:ssl.obj
 0001:0002b4c0       _yaSSL_get_error           0042c4c0 f   yassl:ssl.obj
 0001:0002b4d0       _yaSSL_set_compression     0042c4d0 f   yassl:ssl.obj
 0001:0002b4e0       _yaSSL_get_peer_certificate 0042c4e0 f   yassl:ssl.obj
 0001:0002b500       _yaX509_free               0042c500 f   yassl:ssl.obj
 0001:0002b510       _yaX509_STORE_CTX_get_current_cert 0042c510 f   yassl:ssl.obj
 0001:0002b520       _yaX509_STORE_CTX_get_error 0042c520 f   yassl:ssl.obj
 0001:0002b530       _yaX509_STORE_CTX_get_error_depth 0042c530 f   yassl:ssl.obj
 0001:0002b540       _yaX509_NAME_oneline       0042c540 f   yassl:ssl.obj
 0001:0002b5d0       _yaX509_get_issuer_name    0042c5d0 f   yassl:ssl.obj
 0001:0002b5e0       _yaX509_get_subject_name   0042c5e0 f   yassl:ssl.obj
 0001:0002b5f0       _yaSSL_load_error_strings  0042c5f0 f   yassl:ssl.obj
 0001:0002b600       _yaSSL_set_connect_state   0042c600 f   yassl:ssl.obj
 0001:0002b610       _yaSSL_set_accept_state    0042c610 f   yassl:ssl.obj
 0001:0002b630       _yaSSL_get_verify_result   0042c630 f   yassl:ssl.obj
 0001:0002b640       _yaSSL_CTX_sess_set_cache_size 0042c640 f   yassl:ssl.obj
 0001:0002b650       _yaSSL_CTX_get_session_cache_mode 0042c650 f   yassl:ssl.obj
 0001:0002b660       _yaSSL_CTX_set_tmp_dh      0042c660 f   yassl:ssl.obj
 0001:0002b680       _yaSSL_CTX_set_verify      0042c680 f   yassl:ssl.obj
 0001:0002b6c0       _yaSSL_CTX_set_default_verify_paths 0042c6c0 f   yassl:ssl.obj
 0001:0002b6d0       _yaSSL_CTX_set_session_id_context 0042c6d0 f   yassl:ssl.obj
 0001:0002b6e0       _yaSSL_CTX_check_private_key 0042c6e0 f   yassl:ssl.obj
 0001:0002b6f0       _yaSSL_CTX_sess_accept     0042c6f0 f   yassl:ssl.obj
 0001:0002b700       _yaSSL_CTX_sess_connect    0042c700 f   yassl:ssl.obj
 0001:0002b710       _yaSSL_CTX_sess_accept_good 0042c710 f   yassl:ssl.obj
 0001:0002b720       _yaSSL_CTX_sess_connect_good 0042c720 f   yassl:ssl.obj
 0001:0002b730       _yaSSL_CTX_sess_accept_renegotiate 0042c730 f   yassl:ssl.obj
 0001:0002b740       _yaSSL_CTX_sess_connect_renegotiate 0042c740 f   yassl:ssl.obj
 0001:0002b750       _yaSSL_CTX_sess_hits       0042c750 f   yassl:ssl.obj
 0001:0002b760       _yaSSL_CTX_sess_cb_hits    0042c760 f   yassl:ssl.obj
 0001:0002b770       _yaSSL_CTX_sess_cache_full 0042c770 f   yassl:ssl.obj
 0001:0002b780       _yaSSL_CTX_sess_misses     0042c780 f   yassl:ssl.obj
 0001:0002b790       _yaSSL_CTX_sess_timeouts   0042c790 f   yassl:ssl.obj
 0001:0002b7a0       _yaSSL_CTX_sess_number     0042c7a0 f   yassl:ssl.obj
 0001:0002b7b0       _yaSSL_CTX_sess_get_cache_size 0042c7b0 f   yassl:ssl.obj
 0001:0002b7c0       _yaSSL_CTX_get_verify_mode 0042c7c0 f   yassl:ssl.obj
 0001:0002b7d0       _yaSSL_get_verify_mode     0042c7d0 f   yassl:ssl.obj
 0001:0002b7f0       _yaSSL_CTX_get_verify_depth 0042c7f0 f   yassl:ssl.obj
 0001:0002b800       _yaSSL_get_verify_depth    0042c800 f   yassl:ssl.obj
 0001:0002b820       _yaSSL_CTX_set_options     0042c820 f   yassl:ssl.obj
 0001:0002b830       _yaSSL_CTX_set_info_callback 0042c830 f   yassl:ssl.obj
 0001:0002b840       _yaOpenSSL_add_all_algorithms 0042c840 f   yassl:ssl.obj
 0001:0002b850       _yaSSL_library_init        0042c850 f   yassl:ssl.obj
 0001:0002b860       _yaDH_new                  0042c860 f   yassl:ssl.obj
 0001:0002b880       ??0BIGNUM@yaSSL@@QAE@XZ    0042c880 f i yassl:ssl.obj
 0001:0002b890       _yaERR_get_error_line_data 0042c890 f   yassl:ssl.obj
 0001:0002b8a0       _yaERR_print_errors_fp     0042c8a0 f   yassl:ssl.obj
 0001:0002b8b0       _yaERR_error_string        0042c8b0 f   yassl:ssl.obj
 0001:0002b8e0       _yaX509_verify_cert_error_string 0042c8e0 f   yassl:ssl.obj
 0001:0002b8f0       _yaEVP_md5                 0042c8f0 f   yassl:ssl.obj
 0001:0002b900       _yaEVP_des_ede3_cbc        0042c900 f   yassl:ssl.obj
 0001:0002b910       _yaEVP_BytesToKey          0042c910 f   yassl:ssl.obj
 0001:0002bb70       _yaDES_set_key_unchecked   0042cb70 f   yassl:ssl.obj
 0001:0002bb90       _yaDES_ede3_cbc_encrypt    0042cb90 f   yassl:ssl.obj
 0001:0002bc60       _yaRAND_status             0042cc60 f   yassl:ssl.obj
 0001:0002bc70       _yaDES_set_key             0042cc70 f   yassl:ssl.obj
 0001:0002bc90       _yaDES_set_odd_parity      0042cc90 f   yassl:ssl.obj
 0001:0002bca0       _yaDES_ecb_encrypt         0042cca0 f   yassl:ssl.obj
 0001:0002bd10       _yaSSL_CTX_set_default_passwd_cb_userdata 0042cd10 f   yassl:ssl.obj
 0001:0002bd20       _yaSSL_get_certificate     0042cd20 f   yassl:ssl.obj
 0001:0002bd30       _yaSSL_get_privatekey      0042cd30 f   yassl:ssl.obj
 0001:0002bd40       _yaSSL_SESSION_free        0042cd40 f   yassl:ssl.obj
 0001:0002bd50       _yaX509_get_pubkey         0042cd50 f   yassl:ssl.obj
 0001:0002bd60       _yaEVP_PKEY_copy_parameters 0042cd60 f   yassl:ssl.obj
 0001:0002bd70       _yaEVP_PKEY_free           0042cd70 f   yassl:ssl.obj
 0001:0002bd80       _yaERR_error_string_n      0042cd80 f   yassl:ssl.obj
 0001:0002bda0       _yaERR_free_strings        0042cda0 f   yassl:ssl.obj
 0001:0002bdb0       _yaEVP_cleanup             0042cdb0 f   yassl:ssl.obj
 0001:0002bdc0       _yaX509_get_notBefore      0042cdc0 f   yassl:ssl.obj
 0001:0002bdd0       _yaX509_get_notAfter       0042cdd0 f   yassl:ssl.obj
 0001:0002bde0       _yaSSLv2_client_method     0042cde0 f   yassl:ssl.obj
 0001:0002bdf0       _yaSSL_get1_session        0042cdf0 f   yassl:ssl.obj
 0001:0002be40       _yaGENERAL_NAMES_free      0042ce40 f   yassl:ssl.obj
 0001:0002be50       _yask_GENERAL_NAME_num     0042ce50 f   yassl:ssl.obj
 0001:0002be60       _yask_GENERAL_NAME_value   0042ce60 f   yassl:ssl.obj
 0001:0002be70       _yaASN1_STRING_data        0042ce70 f   yassl:ssl.obj
 0001:0002be80       _yaASN1_STRING_length      0042ce80 f   yassl:ssl.obj
 0001:0002be90       _yaASN1_STRING_type        0042ce90 f   yassl:ssl.obj
 0001:0002bea0       _yaX509_NAME_get_index_by_NID 0042cea0 f   yassl:ssl.obj
 0001:0002bee0       _yaX509_NAME_ENTRY_get_data 0042cee0 f   yassl:ssl.obj
 0001:0002bef0       _yaX509_NAME_get_entry     0042cef0 f   yassl:ssl.obj
 0001:0002bf00       _yaASN1_STRING_to_UTF8     0042cf00 f   yassl:ssl.obj
 0001:0002bf50       _yaX509_get_ext_d2i        0042cf50 f   yassl:ssl.obj
 0001:0002bf60       _yaMD4_Init                0042cf60 f   yassl:ssl.obj
 0001:0002bf90       _yaMD4_Update              0042cf90 f   yassl:ssl.obj
 0001:0002bfb0       _yaMD4_Final               0042cfb0 f   yassl:ssl.obj
 0001:0002bfc0       _yaMD5_Init                0042cfc0 f   yassl:ssl.obj
 0001:0002bff0       _yaMD5_Update              0042cff0 f   yassl:ssl.obj
 0001:0002c010       _yaMD5_Final               0042d010 f   yassl:ssl.obj
 0001:0002c020       _yaRAND_bytes              0042d020 f   yassl:ssl.obj
 0001:0002c070       _yaSSL_peek                0042d070 f   yassl:ssl.obj
 0001:0002c0b0       _yaSSL_pending             0042d0b0 f   yassl:ssl.obj
 0001:0002c0f0       _yaSSL_CTX_set_default_passwd_cb 0042d0f0 f   yassl:ssl.obj
 0001:0002c100       _yaSSLeay_add_ssl_algorithms 0042d100 f   yassl:ssl.obj
 0001:0002c110       _yaERR_remove_state        0042d110 f   yassl:ssl.obj
 0001:0002c120       _yaERR_GET_REASON          0042d120 f   yassl:ssl.obj
 0001:0002c130       _err_helper                0042d130 f   yassl:ssl.obj
 0001:0002c160       _yaERR_peek_error          0042d160 f   yassl:ssl.obj
 0001:0002c190       _yaERR_get_error           0042d190 f   yassl:ssl.obj
 0001:0002c1c0       _yaRAND_screen             0042d1c0 f   yassl:ssl.obj
 0001:0002c1d0       _yaRAND_file_name          0042d1d0 f   yassl:ssl.obj
 0001:0002c1e0       _yaRAND_write_file         0042d1e0 f   yassl:ssl.obj
 0001:0002c1f0       _yaRAND_load_file          0042d1f0 f   yassl:ssl.obj
 0001:0002c200       _yaRSA_free                0042d200 f   yassl:ssl.obj
 0001:0002c210       _yaRSA_generate_key        0042d210 f   yassl:ssl.obj
 0001:0002c220       _yaX509_LOOKUP_add_dir     0042d220 f   yassl:ssl.obj
 0001:0002c230       _yaX509_LOOKUP_load_file   0042d230 f   yassl:ssl.obj
 0001:0002c240       _yaX509_LOOKUP_hash_dir    0042d240 f   yassl:ssl.obj
 0001:0002c250       _yaX509_LOOKUP_file        0042d250 f   yassl:ssl.obj
 0001:0002c260       _yaX509_STORE_add_lookup   0042d260 f   yassl:ssl.obj
 0001:0002c270       _yaX509_STORE_get_by_subject 0042d270 f   yassl:ssl.obj
 0001:0002c280       _yaX509_STORE_new          0042d280 f   yassl:ssl.obj
 0001:0002c290       _yaSSL_alert_type_string_long 0042d290 f   yassl:ssl.obj
 0001:0002c2a0       _yaSSL_alert_desc_string_long 0042d2a0 f   yassl:ssl.obj
 0001:0002c2b0       _yaSSL_state_string_long   0042d2b0 f   yassl:ssl.obj
 0001:0002c2c0       _yaSSL_CTX_set_tmp_rsa_callback 0042d2c0 f   yassl:ssl.obj
 0001:0002c2d0       _yaSSL_CTX_set_timeout     0042d2d0 f   yassl:ssl.obj
 0001:0002c2e0       _yaSSL_CTX_use_certificate_chain_file 0042d2e0 f   yassl:ssl.obj
 0001:0002c2f0       _yaSSL_CTX_use_RSAPrivateKey_file 0042d2f0 f   yassl:ssl.obj
 0001:0002c300       _yaSSL_set_rfd             0042d300 f   yassl:ssl.obj
 0001:0002c310       _yaSSL_set_wfd             0042d310 f   yassl:ssl.obj
 0001:0002c320       _yaSSL_want_read           0042d320 f   yassl:ssl.obj
 0001:0002c330       _yaSSL_want_write          0042d330 f   yassl:ssl.obj
 0001:0002c340       _yaSSL_set_shutdown        0042d340 f   yassl:ssl.obj
 0001:0002c350       _yaSSL_get_current_cipher  0042d350 f   yassl:ssl.obj
 0001:0002c360       _yaSSL_CIPHER_description  0042d360 f   yassl:ssl.obj
 0001:0002c370       ?size@?$Block@EV?$AllocatorWithCleanup@E@TaoCrypt@@@TaoCrypt@@QBEIXZ 0042d370 f i yassl:ssl.obj
 0001:0002c380       ?get_buffer@?$Block@EV?$AllocatorWithCleanup@E@TaoCrypt@@@TaoCrypt@@QBEPAEXZ 0042d380 f i yassl:ssl.obj
 0001:0002c390       ??0?$auto_ptr@UBulkCipher@yaSSL@@@mySTL@@QAE@PAUBulkCipher@yaSSL@@@Z 0042d390 f i yassl:ssl.obj
 0001:0002c3a0       ??C?$auto_ptr@UBulkCipher@yaSSL@@@mySTL@@QBEPAUBulkCipher@yaSSL@@XZ 0042d3a0 f i yassl:ssl.obj
 0001:0002c3b0       ??0?$auto_ptr@Vx509@yaSSL@@@mySTL@@QAE@PAVx509@yaSSL@@@Z 0042d3b0 f i yassl:ssl.obj
 0001:0002c3c0       ??C?$auto_ptr@Vx509@yaSSL@@@mySTL@@QBEPAVx509@yaSSL@@XZ 0042d3c0 f i yassl:ssl.obj
 0001:0002c3d0       ?release@?$auto_ptr@Vx509@yaSSL@@@mySTL@@QAEPAVx509@yaSSL@@XZ 0042d3d0 f i yassl:ssl.obj
 0001:0002c3e0       ??0?$auto_ptr@UBIGNUM@yaSSL@@@mySTL@@QAE@PAUBIGNUM@yaSSL@@@Z 0042d3e0 f i yassl:ssl.obj
 0001:0002c3f0       ?get@?$auto_ptr@UBIGNUM@yaSSL@@@mySTL@@QBEPAUBIGNUM@yaSSL@@XZ 0042d3f0 f i yassl:ssl.obj
 0001:0002c400       ?release@?$auto_ptr@UBIGNUM@yaSSL@@@mySTL@@QAEPAUBIGNUM@yaSSL@@XZ 0042d400 f i yassl:ssl.obj
 0001:0002c410       ?CheckSize@?$AllocatorBase@E@TaoCrypt@@KAXI@Z 0042d410 f i yassl:ssl.obj
 0001:0002c420       ??$tcArrayDelete@E@TaoCrypt@@YAXPAE@Z 0042d420 f i yassl:ssl.obj
 0001:0002c430       ??$ysDelete@UDH@yaSSL@@@yaSSL@@YAXPAUDH@0@@Z 0042d430 f i yassl:ssl.obj
 0001:0002c440       ??$swap@V?$AllocatorWithCleanup@E@TaoCrypt@@@mySTL@@YAXAAV?$AllocatorWithCleanup@E@TaoCrypt@@0@Z 0042d440 f i yassl:ssl.obj
 0001:0002c450       ??$ysDelete@UBulkCipher@yaSSL@@@yaSSL@@YAXPAUBulkCipher@0@@Z 0042d450 f i yassl:ssl.obj
 0001:0002c460       ??_Gx509@yaSSL@@QAEPAXI@Z  0042d460 f i yassl:ssl.obj
 0001:0002c480       ??_GSSL_CTX@yaSSL@@QAEPAXI@Z 0042d480 f i yassl:ssl.obj
 0001:0002c4a0       ??1BIGNUM@yaSSL@@QAE@XZ    0042d4a0 f i yassl:ssl.obj
 0001:0002c4b0       ??1Security@yaSSL@@QAE@XZ  0042d4b0 f i yassl:ssl.obj
 0001:0002c4d0       ??1sslHashes@yaSSL@@QAE@XZ 0042d4d0 f i yassl:ssl.obj
 0001:0002c4f0       ??_EMD5@TaoCrypt@@UAEPAXI@Z 0042d4f0 f i yassl:ssl.obj
 0001:0002c4f0       ??_GMD5@TaoCrypt@@UAEPAXI@Z 0042d4f0 f i yassl:ssl.obj
 0001:0002c510       ??_EMD4@TaoCrypt@@UAEPAXI@Z 0042d510 f i yassl:ssl.obj
 0001:0002c510       ??_GMD4@TaoCrypt@@UAEPAXI@Z 0042d510 f i yassl:ssl.obj
 0001:0002c530       ?size@Source@TaoCrypt@@QBEIXZ 0042d530 f i yassl:ssl.obj
 0001:0002c540       ?get_buffer@Source@TaoCrypt@@QBEPBEXZ 0042d540 f i yassl:ssl.obj
 0001:0002c550       _yaSSLv3_method            0042d550 f   yassl:ssl.obj
 0001:0002c590       _yaSSL_read                0042d590 f   yassl:ssl.obj
 0001:0002c5d0       _yaSSL_get_cipher_name     0042d5d0 f   yassl:ssl.obj
 0001:0002c5f0       ?allocate@?$AllocatorWithCleanup@E@TaoCrypt@@QAEPAEIPBX@Z 0042d5f0 f i yassl:ssl.obj
 0001:0002c610       ?deallocate@?$AllocatorWithCleanup@E@TaoCrypt@@QAEXPAXI@Z 0042d610 f i yassl:ssl.obj
 0001:0002c640       ?Destroy@?$auto_ptr@UBulkCipher@yaSSL@@@mySTL@@AAEXXZ 0042d640 f i yassl:ssl.obj
 0001:0002c650       ??$ysDelete@Vx509@yaSSL@@@yaSSL@@YAXPAVx509@0@@Z 0042d650 f i yassl:ssl.obj
 0001:0002c670       ??$ysDelete@VSSL_CTX@yaSSL@@@yaSSL@@YAXPAVSSL_CTX@0@@Z 0042d670 f i yassl:ssl.obj
 0001:0002c690       ??$StdReallocate@EV?$AllocatorWithCleanup@E@TaoCrypt@@@TaoCrypt@@YAPAEAAV?$AllocatorWithCleanup@E@0@PAEII_N@Z 0042d690 f i yassl:ssl.obj
 0001:0002c740       ??_GBIGNUM@yaSSL@@QAEPAXI@Z 0042d740 f i yassl:ssl.obj
 0001:0002c760       ??1SSL@yaSSL@@QAE@XZ       0042d760 f i yassl:ssl.obj
 0001:0002c7c0       _yaSSL_CTX_free            0042d7c0 f   yassl:ssl.obj
 0001:0002c7e0       ??0?$Block@EV?$AllocatorWithCleanup@E@TaoCrypt@@@TaoCrypt@@QAE@PBEI@Z 0042d7e0 f i yassl:ssl.obj
 0001:0002c820       ??1?$Block@EV?$AllocatorWithCleanup@E@TaoCrypt@@@TaoCrypt@@QAE@XZ 0042d820 f i yassl:ssl.obj
 0001:0002c850       ??1?$auto_ptr@UBulkCipher@yaSSL@@@mySTL@@QAE@XZ 0042d850 f i yassl:ssl.obj
 0001:0002c860       ?reset@?$auto_ptr@UBulkCipher@yaSSL@@@mySTL@@QAEXPAUBulkCipher@yaSSL@@@Z 0042d860 f i yassl:ssl.obj
 0001:0002c880       ?reallocate@?$AllocatorWithCleanup@E@TaoCrypt@@QAEPAEPAEII_N@Z 0042d880 f i yassl:ssl.obj
 0001:0002c8a0       ?Destroy@?$auto_ptr@Vx509@yaSSL@@@mySTL@@AAEXXZ 0042d8a0 f i yassl:ssl.obj
 0001:0002c8c0       ?New@?$Block@EV?$AllocatorWithCleanup@E@TaoCrypt@@@TaoCrypt@@QAEXI@Z 0042d8c0 f i yassl:ssl.obj
 0001:0002c920       ??$ysDelete@UBIGNUM@yaSSL@@@yaSSL@@YAXPAUBIGNUM@0@@Z 0042d920 f i yassl:ssl.obj
 0001:0002c940       ??_GSSL@yaSSL@@QAEPAXI@Z   0042d940 f i yassl:ssl.obj
 0001:0002c960       ??0Source@TaoCrypt@@QAE@PBEI@Z 0042d960 f i yassl:ssl.obj
 0001:0002c9b0       ??1Source@TaoCrypt@@QAE@XZ 0042d9b0 f i yassl:ssl.obj
 0001:0002c9e0       ??1HexDecoder@TaoCrypt@@QAE@XZ 0042d9e0 f i yassl:ssl.obj
 0001:0002ca10       _yaDH_free                 0042da10 f   yassl:ssl.obj
 0001:0002ca50       ??1?$auto_ptr@Vx509@yaSSL@@@mySTL@@QAE@XZ 0042da50 f i yassl:ssl.obj
 0001:0002ca70       ?CleanNew@?$Block@EV?$AllocatorWithCleanup@E@TaoCrypt@@@TaoCrypt@@QAEXI@Z 0042da70 f i yassl:ssl.obj
 0001:0002caa0       ?Destroy@?$auto_ptr@UBIGNUM@yaSSL@@@mySTL@@AAEXXZ 0042daa0 f i yassl:ssl.obj
 0001:0002cac0       ??$ysDelete@VSSL@yaSSL@@@yaSSL@@YAXPAVSSL@0@@Z 0042dac0 f i yassl:ssl.obj
 0001:0002cae0       _yaSSL_free                0042dae0 f   yassl:ssl.obj
 0001:0002cb00       ??0?$Block@EV?$AllocatorWithCleanup@E@TaoCrypt@@@TaoCrypt@@QAE@I@Z 0042db00 f i yassl:ssl.obj
 0001:0002cb40       ??1?$auto_ptr@UBIGNUM@yaSSL@@@mySTL@@QAE@XZ 0042db40 f i yassl:ssl.obj
 0001:0002cb60       ?reset@?$auto_ptr@UBIGNUM@yaSSL@@@mySTL@@QAEXPAUBIGNUM@yaSSL@@@Z 0042db60 f i yassl:ssl.obj
 0001:0002cb90       ??0HexDecoder@TaoCrypt@@QAE@AAVSource@1@@Z 0042db90 f i yassl:ssl.obj
 0001:0002cbe0       ?read_file@yaSSL@@YAHPAVSSL_CTX@1@PBDHW4CertType@1@@Z 0042dbe0 f   yassl:ssl.obj
 0001:0002d060       _yaSSL_CTX_use_certificate_file 0042e060 f   yassl:ssl.obj
 0001:0002d080       _yaSSL_CTX_use_PrivateKey_file 0042e080 f   yassl:ssl.obj
 0001:0002d0a0       _yaSSL_CTX_load_verify_locations 0042e0a0 f   yassl:ssl.obj
 0001:0002d1e0       _yaBN_bin2bn               0042e1e0 f   yassl:ssl.obj
 0001:0002d250       ??0Lock@Mutex@yaSSL@@QAE@AAV12@@Z 0042e250 f i yassl:yassl_int.obj
 0001:0002d260       ??0Ciphers@yaSSL@@QAE@XZ   0042e260 f i yassl:yassl_int.obj
 0001:0002d270       ??0DH_Parms@yaSSL@@QAE@XZ  0042e270 f i yassl:yassl_int.obj
 0001:0002d290       ??0Stats@yaSSL@@QAE@XZ     0042e290 f i yassl:yassl_int.obj
 0001:0002d2d0       ?c32to24@yaSSL@@YAXIAAY02E@Z 0042e2d0 f   yassl:yassl_int.obj
 0001:0002d2f0       ?c24to32@yaSSL@@YAXQBEAAI@Z 0042e2f0 f   yassl:yassl_int.obj
 0001:0002d320       ?c24to32@yaSSL@@YAIQBE@Z   0042e320 f   yassl:yassl_int.obj
 0001:0002d340       ?ato16@yaSSL@@YAXPBEAAG@Z  0042e340 f   yassl:yassl_int.obj
 0001:0002d360       ?ato24@yaSSL@@YAXPBEAAY02E@Z 0042e360 f   yassl:yassl_int.obj
 0001:0002d380       ?c16toa@yaSSL@@YAXGPAE@Z   0042e380 f   yassl:yassl_int.obj
 0001:0002d390       ?c24toa@yaSSL@@YAXQBEPAE@Z 0042e390 f   yassl:yassl_int.obj
 0001:0002d3b0       ?c32toa@yaSSL@@YAXIPAE@Z   0042e3b0 f   yassl:yassl_int.obj
 0001:0002d3e0       ??0States@yaSSL@@QAE@XZ    0042e3e0 f   yassl:yassl_int.obj
 0001:0002d410       ?getRecord@States@yaSSL@@QBEABW4RecordLayerState@2@XZ 0042e410 f   yassl:yassl_int.obj
 0001:0002d420       ?getHandShake@States@yaSSL@@QBEABW4HandShakeState@2@XZ 0042e420 f   yassl:yassl_int.obj
 0001:0002d430       ?getClient@States@yaSSL@@QBEABW4ClientState@2@XZ 0042e430 f   yassl:yassl_int.obj
 0001:0002d440       ?getServer@States@yaSSL@@QBEABW4ServerState@2@XZ 0042e440 f   yassl:yassl_int.obj
 0001:0002d450       ?GetConnect@States@yaSSL@@QBEABW4ConnectState@2@XZ 0042e450 f   yassl:yassl_int.obj
 0001:0002d460       ?GetAccept@States@yaSSL@@QBEABW4AcceptState@2@XZ 0042e460 f   yassl:yassl_int.obj
 0001:0002d470       ?getString@States@yaSSL@@QBEPBDXZ 0042e470 f   yassl:yassl_int.obj
 0001:0002d480       ?What@States@yaSSL@@QBE?AW4YasslError@2@XZ 0042e480 f   yassl:yassl_int.obj
 0001:0002d490       ?useRecord@States@yaSSL@@QAEAAW4RecordLayerState@2@XZ 0042e490 f   yassl:yassl_int.obj
 0001:0002d4a0       ?useHandShake@States@yaSSL@@QAEAAW4HandShakeState@2@XZ 0042e4a0 f   yassl:yassl_int.obj
 0001:0002d4b0       ?useClient@States@yaSSL@@QAEAAW4ClientState@2@XZ 0042e4b0 f   yassl:yassl_int.obj
 0001:0002d4c0       ?useServer@States@yaSSL@@QAEAAW4ServerState@2@XZ 0042e4c0 f   yassl:yassl_int.obj
 0001:0002d4d0       ?UseConnect@States@yaSSL@@QAEAAW4ConnectState@2@XZ 0042e4d0 f   yassl:yassl_int.obj
 0001:0002d4e0       ?UseAccept@States@yaSSL@@QAEAAW4AcceptState@2@XZ 0042e4e0 f   yassl:yassl_int.obj
 0001:0002d4f0       ?useString@States@yaSSL@@QAEPADXZ 0042e4f0 f   yassl:yassl_int.obj
 0001:0002d500       ?SetError@States@yaSSL@@QAEXW4YasslError@2@@Z 0042e500 f   yassl:yassl_int.obj
 0001:0002d510       ?getMessage@sslFactory@yaSSL@@QBEABV?$Factory@UMessage@yaSSL@@HP6APAU12@XZ@2@XZ 0042e510 f   yassl:yassl_int.obj
 0001:0002d520       ?getHandShake@sslFactory@yaSSL@@QBEABV?$Factory@VHandShakeBase@yaSSL@@HP6APAV12@XZ@2@XZ 0042e520 f   yassl:yassl_int.obj
 0001:0002d530       ?getServerKey@sslFactory@yaSSL@@QBEABV?$Factory@UServerKeyBase@yaSSL@@HP6APAU12@XZ@2@XZ 0042e530 f   yassl:yassl_int.obj
 0001:0002d540       ?getClientKey@sslFactory@yaSSL@@QBEABV?$Factory@UClientKeyBase@yaSSL@@HP6APAU12@XZ@2@XZ 0042e540 f   yassl:yassl_int.obj
 0001:0002d550       ?SetCompression@SSL@yaSSL@@QAEHXZ 0042e550 f   yassl:yassl_int.obj
 0001:0002d560       ?SetError@SSL@yaSSL@@QAEXW4YasslError@2@@Z 0042e560 f   yassl:yassl_int.obj
 0001:0002d570       ?SetQuietShutdown@SSL@yaSSL@@QAEX_N@Z 0042e570 f   yassl:yassl_int.obj
 0001:0002d580       ?useBuffers@SSL@yaSSL@@QAEAAVBuffers@2@XZ 0042e580 f   yassl:yassl_int.obj
 0001:0002d640       ?order_error@SSL@yaSSL@@QAEXXZ 0042e640 f   yassl:yassl_int.obj
 0001:0002d650       ??0SumData@yassl_int_cpp_local1@yaSSL@@QAE@XZ 0042e650 f i yassl:yassl_int.obj
 0001:0002d660       ??RSumData@yassl_int_cpp_local1@yaSSL@@QAEXPAVinput_buffer@2@@Z 0042e660 f i yassl:yassl_int.obj
 0001:0002d680       ??0SumBuffer@yassl_int_cpp_local1@yaSSL@@QAE@XZ 0042e680 f i yassl:yassl_int.obj
 0001:0002d690       ??RSumBuffer@yassl_int_cpp_local1@yaSSL@@QAEXPAVoutput_buffer@2@@Z 0042e690 f i yassl:yassl_int.obj
[...]
 0003:00130808       __newmode                  005e8808     LIBCMT:_newmode.obj
 0003:00130810       ___lc_handle               005e8810     LIBCMT:nlsdata2.obj
 0003:00130828       ___lc_codepage             005e8828     LIBCMT:nlsdata2.obj
 0003:0013082c       ___lc_collate_cp           005e882c     LIBCMT:nlsdata2.obj
 0003:00130830       ___lconv_static_null       005e8830     LIBCMT:lconv.obj
 0003:00130834       ___lc_time_intl            005e8834     LIBCMT:inittime.obj
 0003:00130838       ___lconv_intl              005e8838     LIBCMT:initmon.obj
 0003:00130864       ___lc_id                   005e8864     LIBCMT:nlsdata3.obj
 0003:001308ec       __commode                  005e88ec     LIBCMT:ncommode.obj
 0003:001308f0       __fmode                    005e88f0     LIBCMT:txtmode.obj
 0003:00130920       _mysql_server_last_error   005e8920     <common>
 0003:00130b90       _mysql_server_last_errno   005e8b90     <common>
 0003:00130b94       _thr_client_alarm          005e8b94     <common>
 0003:00130ba0       _errbuff                   005e8ba0     <common>
 0003:00130e10       _my_signals                005e8e10     <common>
 0003:00130e20       _all_charsets              005e8e20     <common>
 0003:00131300       _THR_LOCK_threads          005e9300     <common>
 0003:00131360       _LOCK_gethostbyname_r      005e9360     <common>
 0003:00131380       _THR_COND_threads          005e9380     <common>
 0003:001313c0       _THR_LOCK_malloc           005e93c0     <common>
 0003:001313e0       _THR_LOCK_isam             005e93e0     <common>
 0003:00131400       _THR_LOCK_myisam           005e9400     <common>
 0003:00131420       _THR_LOCK_heap             005e9420     <common>
 0003:00131440       _THR_LOCK_open             005e9440     <common>
 0003:00131460       _THR_LOCK_charset          005e9460     <common>
 0003:00131480       _THR_LOCK_lock             005e9480     <common>
 0003:001314a0       _LOCK_localtime_r          005e94a0     <common>
 0003:001314c0       _THR_LOCK_net              005e94c0     <common>
 0003:001314d8       ___mblcid                  005e94d8     <common>
 0003:00131550       ___ptmbcinfo               005e9550     <common>
 0003:00131554       ___ismbcodepage            005e9554     <common>
 0003:00131560       __mbctype                  005e9560     <common>
 0003:00131664       ___mbcodepage              005e9664     <common>
 0003:00131670       ___mbulinfo                005e9670     <common>
 0003:00131680       __mbcasemap                005e9680     <common>
 0003:00131780       ___ctype1                  005e9780     <common>
 0003:00131790       ___ctype1_refcount         005e9790     <common>
 0003:00131794       ___lconv_mon_refcount      005e9794     <common>
 0003:001317a4       ___lconv_intl_refcount     005e97a4     <common>
 0003:001317a8       ___lconv_num_refcount      005e97a8     <common>
 0003:001317b4       ___sbh_initialized         005e97b4     <common>
 0003:001317c8       ___sbh_pHeaderDefer        005e97c8     <common>
 0003:001317cc       ___sbh_cntHeaderList       005e97cc     <common>
 0003:001317d0       ___sbh_pHeaderList         005e97d0     <common>
 0003:001317d4       ___sbh_threshold           005e97d4     <common>
 0003:001317d8       ___sbh_pHeaderScan         005e97d8     <common>
 0003:001317dc       ___sbh_sizeHeaderList      005e97dc     <common>
 0003:001317e0       ___sbh_indGroupDefer       005e97e0     <common>
 0003:001317e4       __crtheap                  005e97e4     <common>
 0003:001317f4       ___active_heap             005e97f4     <common>
 0003:001317f8       ___use_sse2_mathfcns       005e97f8     <common>
 0003:00131808       ___sse2_available          005e9808     <common>
 0003:0013180c       __nhandle                  005e980c     <common>
 0003:00131860       ___pioinfo                 005e9860     <common>
 0003:00131960       ___setlc_active            005e9960     <common>
 0003:00131970       ___unguarded_readlc_active 005e9970     <common>
 0003:00131974       __acmdln                   005e9974     <common>
 0003:00131980       ___env_initialized         005e9980     <common>
 0003:00131990       ___onexitend               005e9990     <common>
 0003:00131994       ___onexitbegin             005e9994     <common>
 0003:00131998       ___mbctype_initialized     005e9998     <common>
 0003:0013199c       ___piob                    005e999c     <common>
 0003:00131ce0       __bufin                    005e9ce0     <common>
 0003:00132ce0       __nstream                  005eace0     <common>
 0004:00000000       __IMPORT_DESCRIPTOR_KERNEL32 005eb000     kernel32:KERNEL32.dll
 0004:00000014       __IMPORT_DESCRIPTOR_ADVAPI32 005eb014     advapi32:ADVAPI32.dll
 0004:00000028       __IMPORT_DESCRIPTOR_WSOCK32 005eb028     wsock32:WSOCK32.dll
 0004:0000003c       __IMPORT_DESCRIPTOR_USER32 005eb03c     user32:USER32.dll
 0004:00000050       __NULL_IMPORT_DESCRIPTOR   005eb050     kernel32:KERNEL32.dll
 0004:00000434       __imp__RegCloseKey@4       005eb434     advapi32:ADVAPI32.dll
 0004:00000438       __imp__RegOpenKeyExA@20    005eb438     advapi32:ADVAPI32.dll
 0004:0000043c       __imp__CryptAcquireContextA@20 005eb43c     advapi32:ADVAPI32.dll
 0004:00000440       __imp__CryptReleaseContext@8 005eb440     advapi32:ADVAPI32.dll
 0004:00000444       __imp__CryptGenRandom@12   005eb444     advapi32:ADVAPI32.dll
 0004:00000448       __imp__StartServiceCtrlDispatcherA@4 005eb448     advapi32:ADVAPI32.dll
 0004:0000044c       __imp__RegisterServiceCtrlHandlerA@8 005eb44c     advapi32:ADVAPI32.dll
 0004:00000450       __imp__DeleteService@4     005eb450     advapi32:ADVAPI32.dll
 0004:00000454       __imp__CreateServiceA@52   005eb454     advapi32:ADVAPI32.dll
 0004:00000458       __imp__SetServiceStatus@8  005eb458     advapi32:ADVAPI32.dll
 0004:0000045c       __imp__OpenSCManagerA@12   005eb45c     advapi32:ADVAPI32.dll
 0004:00000460       __imp__OpenServiceA@12     005eb460     advapi32:ADVAPI32.dll
 0004:00000464       __imp__CloseServiceHandle@4 005eb464     advapi32:ADVAPI32.dll
 0004:00000468       __imp__RegEnumValueA@32    005eb468     advapi32:ADVAPI32.dll
 0004:0000046c       \177ADVAPI32_NULL_THUNK_DATA 005eb46c     advapi32:ADVAPI32.dll
 0004:000004a0       __imp__GetModuleHandleA@4  005eb4a0     kernel32:KERNEL32.dll
 0004:000004a4       __imp__TerminateProcess@8  005eb4a4     kernel32:KERNEL32.dll
 0004:000004a8       __imp__OpenProcess@12      005eb4a8     kernel32:KERNEL32.dll
 0004:000004ac       __imp__Sleep@4             005eb4ac     kernel32:KERNEL32.dll
 0004:000004b0       __imp__GetCurrentThreadId@0 005eb4b0     kernel32:KERNEL32.dll
 0004:000004b4       __imp__GetModuleFileNameA@12 005eb4b4     kernel32:KERNEL32.dll
 0004:000004b8       __imp__SetNamedPipeHandleState@16 005eb4b8     kernel32:KERNEL32.dll
 0004:000004bc       __imp__GetCurrentProcess@0 005eb4bc     kernel32:KERNEL32.dll
 0004:000004c0       __imp__CreateFileA@28      005eb4c0     kernel32:KERNEL32.dll
 0004:000004c4       __imp__DuplicateHandle@28  005eb4c4     kernel32:KERNEL32.dll
 0004:000004c8       __imp__GetProcAddress@8    005eb4c8     kernel32:KERNEL32.dll
 0004:000004cc       __imp__CreateRemoteThread@28 005eb4cc     kernel32:KERNEL32.dll
 0004:000004d0       __imp__GetLastError@0      005eb4d0     kernel32:KERNEL32.dll
 0004:000004d4       __imp__SetLastError@4      005eb4d4     kernel32:KERNEL32.dll
 0004:000004d8       __imp__CreateProcessA@40   005eb4d8     kernel32:KERNEL32.dll
 0004:000004dc       __imp__WaitForSingleObject@8 005eb4dc     kernel32:KERNEL32.dll
 0004:000004e0       __imp__GetExitCodeProcess@8 005eb4e0     kernel32:KERNEL32.dll
 0004:000004e4       __imp__CloseHandle@4       005eb4e4     kernel32:KERNEL32.dll
 0004:000004e8       __imp__SetCurrentDirectoryA@4 005eb4e8     kernel32:KERNEL32.dll
 0004:000004ec       __imp__GetFullPathNameA@16 005eb4ec     kernel32:KERNEL32.dll
 0004:000004f0       __imp__GetCurrentDirectoryA@8 005eb4f0     kernel32:KERNEL32.dll
 0004:000004f4       __imp__PeekNamedPipe@24    005eb4f4     kernel32:KERNEL32.dll
 0004:000004f8       __imp__GetFileInformationByHandle@8 005eb4f8     kernel32:KERNEL32.dll
 0004:000004fc       __imp__GetDriveTypeA@4     005eb4fc     kernel32:KERNEL32.dll
 0004:00000500       __imp__GetSystemTimeAsFileTime@4 005eb500     kernel32:KERNEL32.dll
 0004:00000504       __imp__EnterCriticalSection@4 005eb504     kernel32:KERNEL32.dll
 0004:00000508       __imp__LeaveCriticalSection@4 005eb508     kernel32:KERNEL32.dll
 0004:0000050c       __imp__DeleteCriticalSection@4 005eb50c     kernel32:KERNEL32.dll
 0004:00000510       __imp__WaitNamedPipeA@8    005eb510     kernel32:KERNEL32.dll
 0004:00000514       __imp__InitializeCriticalSection@4 005eb514     kernel32:KERNEL32.dll
 0004:00000518       __imp__GetLocaleInfoW@16   005eb518     kernel32:KERNEL32.dll
 0004:0000051c       __imp__LCMapStringW@24     005eb51c     kernel32:KERNEL32.dll
 0004:00000520       __imp__LCMapStringA@24     005eb520     kernel32:KERNEL32.dll
 0004:00000524       __imp__SetEnvironmentVariableA@8 005eb524     kernel32:KERNEL32.dll
 0004:00000528       __imp__CompareStringW@24   005eb528     kernel32:KERNEL32.dll
 0004:0000052c       __imp__CompareStringA@24   005eb52c     kernel32:KERNEL32.dll
 0004:00000530       __imp__GetOEMCP@0          005eb530     kernel32:KERNEL32.dll
 0004:00000534       __imp__GetACP@0            005eb534     kernel32:KERNEL32.dll
 0004:00000538       __imp__LoadLibraryA@4      005eb538     kernel32:KERNEL32.dll
 0004:0000053c       __imp__HeapSize@12         005eb53c     kernel32:KERNEL32.dll
 0004:00000540       __imp__InterlockedExchange@8 005eb540     kernel32:KERNEL32.dll
 0004:00000544       __imp__RaiseException@16   005eb544     kernel32:KERNEL32.dll
 0004:00000548       __imp__FlushFileBuffers@4  005eb548     kernel32:KERNEL32.dll
 0004:0000054c       __imp__CreateEventA@16     005eb54c     kernel32:KERNEL32.dll
 0004:00000550       __imp__SetEvent@4          005eb550     kernel32:KERNEL32.dll
 0004:00000554       __imp__ResetEvent@4        005eb554     kernel32:KERNEL32.dll
 0004:00000558       __imp__WaitForMultipleObjects@16 005eb558     kernel32:KERNEL32.dll
 0004:0000055c       __imp__TryEnterCriticalSection@4 005eb55c     kernel32:KERNEL32.dll
 0004:00000560       __imp__SetThreadPriority@8 005eb560     kernel32:KERNEL32.dll
 0004:00000564       __imp__GetLocaleInfoA@16   005eb564     kernel32:KERNEL32.dll
 0004:00000568       __imp__GetSystemDirectoryA@8 005eb568     kernel32:KERNEL32.dll
 0004:0000056c       __imp__GetWindowsDirectoryA@8 005eb56c     kernel32:KERNEL32.dll
 0004:00000570       __imp__InterlockedIncrement@4 005eb570     kernel32:KERNEL32.dll
 0004:00000574       __imp__DeleteFileA@4       005eb574     kernel32:KERNEL32.dll
 0004:00000578       __imp__MoveFileA@8         005eb578     kernel32:KERNEL32.dll
 0004:0000057c       __imp__GetTickCount@0      005eb57c     kernel32:KERNEL32.dll
 0004:00000580       __imp__GetFileAttributesExA@12 005eb580     kernel32:KERNEL32.dll
 0004:00000584       __imp__SetEndOfFile@4      005eb584     kernel32:KERNEL32.dll
 0004:00000588       __imp__SetFilePointer@16   005eb588     kernel32:KERNEL32.dll
 0004:0000058c       __imp__ReadFile@20         005eb58c     kernel32:KERNEL32.dll
 0004:00000590       __imp__WriteFile@20        005eb590     kernel32:KERNEL32.dll
 0004:00000594       __imp__UnmapViewOfFile@4   005eb594     kernel32:KERNEL32.dll
 0004:00000598       __imp__FindClose@4         005eb598     kernel32:KERNEL32.dll
 0004:0000059c       __imp__FindNextFileA@8     005eb59c     kernel32:KERNEL32.dll
 0004:000005a0       __imp__FindFirstFileA@8    005eb5a0     kernel32:KERNEL32.dll
 0004:000005a4       __imp__QueryPerformanceCounter@4 005eb5a4     kernel32:KERNEL32.dll
 0004:000005a8       __imp__QueryPerformanceFrequency@4 005eb5a8     kernel32:KERNEL32.dll
 0004:000005ac       __imp__ExitProcess@4       005eb5ac     kernel32:KERNEL32.dll
 0004:000005b0       __imp__SetConsoleCtrlHandler@8 005eb5b0     kernel32:KERNEL32.dll
 0004:000005b4       __imp__ReadConsoleInputA@16 005eb5b4     kernel32:KERNEL32.dll
 0004:000005b8       __imp__SetConsoleMode@8    005eb5b8     kernel32:KERNEL32.dll
 0004:000005bc       __imp__GetConsoleMode@8    005eb5bc     kernel32:KERNEL32.dll
 0004:000005c0       __imp__PeekConsoleInputA@16 005eb5c0     kernel32:KERNEL32.dll
 0004:000005c4       __imp__GetNumberOfConsoleInputEvents@8 005eb5c4     kernel32:KERNEL32.dll
 0004:000005c8       __imp__WriteConsoleA@20    005eb5c8     kernel32:KERNEL32.dll
 0004:000005cc       __imp__GetCommandLineA@0   005eb5cc     kernel32:KERNEL32.dll
 0004:000005d0       __imp__GetVersionExA@4     005eb5d0     kernel32:KERNEL32.dll
 0004:000005d4       __imp__HeapReAlloc@16      005eb5d4     kernel32:KERNEL32.dll
 0004:000005d8       __imp__HeapAlloc@12        005eb5d8     kernel32:KERNEL32.dll
 0004:000005dc       __imp__HeapFree@12         005eb5dc     kernel32:KERNEL32.dll
 0004:000005e0       __imp__FileTimeToSystemTime@8 005eb5e0     kernel32:KERNEL32.dll
 0004:000005e4       __imp__FileTimeToLocalFileTime@8 005eb5e4     kernel32:KERNEL32.dll
 0004:000005e8       __imp__SetStdHandle@8      005eb5e8     kernel32:KERNEL32.dll
 0004:000005ec       __imp__GetFileType@4       005eb5ec     kernel32:KERNEL32.dll
 0004:000005f0       __imp__ExitThread@4        005eb5f0     kernel32:KERNEL32.dll
 0004:000005f4       __imp__ResumeThread@4      005eb5f4     kernel32:KERNEL32.dll
 0004:000005f8       __imp__CreateThread@24     005eb5f8     kernel32:KERNEL32.dll
 0004:000005fc       __imp__WideCharToMultiByte@32 005eb5fc     kernel32:KERNEL32.dll
 0004:00000600       __imp__GetTimeZoneInformation@4 005eb600     kernel32:KERNEL32.dll
 0004:00000604       __imp__RtlUnwind@16        005eb604     kernel32:KERNEL32.dll
 0004:00000608       __imp__FatalAppExitA@8     005eb608     kernel32:KERNEL32.dll
 0004:0000060c       __imp__TlsAlloc@0          005eb60c     kernel32:KERNEL32.dll
 0004:00000610       __imp__GetCurrentThread@0  005eb610     kernel32:KERNEL32.dll
 0004:00000614       __imp__TlsFree@4           005eb614     kernel32:KERNEL32.dll
 0004:00000618       __imp__TlsSetValue@8       005eb618     kernel32:KERNEL32.dll
 0004:0000061c       __imp__TlsGetValue@4       005eb61c     kernel32:KERNEL32.dll
 0004:00000620       __imp__GetCurrentProcessId@0 005eb620     kernel32:KERNEL32.dll
 0004:00000624       __imp__SetHandleCount@4    005eb624     kernel32:KERNEL32.dll
 0004:00000628       __imp__GetStdHandle@4      005eb628     kernel32:KERNEL32.dll
 0004:0000062c       __imp__GetStartupInfoA@4   005eb62c     kernel32:KERNEL32.dll
 0004:00000630       __imp__UnhandledExceptionFilter@4 005eb630     kernel32:KERNEL32.dll
 0004:00000634       __imp__GetFileAttributesA@4 005eb634     kernel32:KERNEL32.dll
 0004:00000638       __imp__CreatePipe@16       005eb638     kernel32:KERNEL32.dll
 0004:0000063c       __imp__VirtualProtect@16   005eb63c     kernel32:KERNEL32.dll
 0004:00000640       __imp__VirtualAlloc@16     005eb640     kernel32:KERNEL32.dll
 0004:00000644       __imp__GetSystemInfo@4     005eb644     kernel32:KERNEL32.dll
 0004:00000648       __imp__VirtualQuery@12     005eb648     kernel32:KERNEL32.dll
 0004:0000064c       __imp__FreeEnvironmentStringsA@4 005eb64c     kernel32:KERNEL32.dll
 0004:00000650       __imp__GetEnvironmentStrings@0 005eb650     kernel32:KERNEL32.dll
 0004:00000654       __imp__FreeEnvironmentStringsW@4 005eb654     kernel32:KERNEL32.dll
 0004:00000658       __imp__GetEnvironmentStringsW@0 005eb658     kernel32:KERNEL32.dll
 0004:0000065c       __imp__HeapDestroy@4       005eb65c     kernel32:KERNEL32.dll
 0004:00000660       __imp__HeapCreate@12       005eb660     kernel32:KERNEL32.dll
 0004:00000664       __imp__VirtualFree@12      005eb664     kernel32:KERNEL32.dll
 0004:00000668       __imp__IsBadWritePtr@8     005eb668     kernel32:KERNEL32.dll
 0004:0000066c       __imp__GetTimeFormatA@24   005eb66c     kernel32:KERNEL32.dll
 0004:00000670       __imp__GetDateFormatA@24   005eb670     kernel32:KERNEL32.dll
 0004:00000674       __imp__GetCPInfo@8         005eb674     kernel32:KERNEL32.dll
 0004:00000678       __imp__GetUserDefaultLCID@0 005eb678     kernel32:KERNEL32.dll
 0004:0000067c       __imp__EnumSystemLocalesA@8 005eb67c     kernel32:KERNEL32.dll
 0004:00000680       __imp__IsValidLocale@8     005eb680     kernel32:KERNEL32.dll
 0004:00000684       __imp__IsValidCodePage@4   005eb684     kernel32:KERNEL32.dll
 0004:00000688       __imp__GetStringTypeA@20   005eb688     kernel32:KERNEL32.dll
 0004:0000068c       __imp__MultiByteToWideChar@24 005eb68c     kernel32:KERNEL32.dll
 0004:00000690       __imp__GetStringTypeW@16   005eb690     kernel32:KERNEL32.dll
 0004:00000694       __imp__SetEnvironmentVariableW@8 005eb694     kernel32:KERNEL32.dll
 0004:00000698       \177KERNEL32_NULL_THUNK_DATA 005eb698     kernel32:KERNEL32.dll
 0004:00000728       __imp__PeekMessageA@20     005eb728     user32:USER32.dll
 0004:0000072c       __imp__KillTimer@8         005eb72c     user32:USER32.dll
 0004:00000730       __imp__SetTimer@16         005eb730     user32:USER32.dll
 0004:00000734       \177USER32_NULL_THUNK_DATA 005eb734     user32:USER32.dll
 0004:00000760       __imp__recv@16             005eb760     wsock32:WSOCK32.dll
 0004:00000764       __imp__gethostbyname@4     005eb764     wsock32:WSOCK32.dll
 0004:00000768       __imp__WSAStartup@8        005eb768     wsock32:WSOCK32.dll
 0004:0000076c       __imp__WSACleanup@0        005eb76c     wsock32:WSOCK32.dll
 0004:00000770       __imp__WSAGetLastError@0   005eb770     wsock32:WSOCK32.dll
 0004:00000774       __imp__connect@12          005eb774     wsock32:WSOCK32.dll
 0004:00000778       __imp__select@20           005eb778     wsock32:WSOCK32.dll
 0004:0000077c       __imp____WSAFDIsSet@8      005eb77c     wsock32:WSOCK32.dll
 0004:00000780       __imp__send@16             005eb780     wsock32:WSOCK32.dll
 0004:00000784       __imp__ntohs@4             005eb784     wsock32:WSOCK32.dll
 0004:00000788       __imp__getpeername@12      005eb788     wsock32:WSOCK32.dll
 0004:0000078c       __imp__WSASetLastError@4   005eb78c     wsock32:WSOCK32.dll
 0004:00000790       __imp__accept@12           005eb790     wsock32:WSOCK32.dll
 0004:00000794       __imp__shutdown@8          005eb794     wsock32:WSOCK32.dll
 0004:00000798       __imp__socket@12           005eb798     wsock32:WSOCK32.dll
 0004:0000079c       __imp__inet_addr@4         005eb79c     wsock32:WSOCK32.dll
 0004:000007a0       __imp__htonl@4             005eb7a0     wsock32:WSOCK32.dll
 0004:000007a4       __imp__htons@4             005eb7a4     wsock32:WSOCK32.dll
 0004:000007a8       __imp__inet_ntoa@4         005eb7a8     wsock32:WSOCK32.dll
 0004:000007ac       __imp__setsockopt@20       005eb7ac     wsock32:WSOCK32.dll
 0004:000007b0       __imp__bind@12             005eb7b0     wsock32:WSOCK32.dll
 0004:000007b4       __imp__closesocket@4       005eb7b4     wsock32:WSOCK32.dll
 0004:000007b8       __imp__listen@8            005eb7b8     wsock32:WSOCK32.dll
 0004:000007bc       __imp__ioctlsocket@12      005eb7bc     wsock32:WSOCK32.dll
 0004:000007c0       __imp__gethostname@8       005eb7c0     wsock32:WSOCK32.dll
 0004:000007c4       \177WSOCK32_NULL_THUNK_DATA 005eb7c4     wsock32:WSOCK32.dll
 0005:00000000       __tls_start                005ed000     LIBCMT:tlssup.obj
 0005:00000108       _THR_KEY_mysys             005ed108     mysys:my_thr_init.obj
 0005:0000028e       __tls_end                  005ed28e     LIBCMT:tlssup.obj

 entry point at        0001:00068555

